Archive member included to satisfy reference by file (symbol)

D:/Software Engineering/STM32Cube/IDE/STM32CubeIDE_1.19.0/STM32CubeIDE/plugins/com.st.stm32cube.ide.mcu.externaltools.gnu-tools-for-stm32.13.3.rel1.win32_1.0.0.202411081344/tools/bin/../lib/gcc/arm-none-eabi/13.3.1/../../../../arm-none-eabi/lib/thumb/v7e-m+fp/hard\libc_nano.a(libc_a-exit.o)
                              D:/Software Engineering/STM32Cube/IDE/STM32CubeIDE_1.19.0/STM32CubeIDE/plugins/com.st.stm32cube.ide.mcu.externaltools.gnu-tools-for-stm32.13.3.rel1.win32_1.0.0.202411081344/tools/bin/../lib/gcc/arm-none-eabi/13.3.1/../../../../arm-none-eabi/lib/thumb/v7e-m+fp/hard/crt0.o (exit)
D:/Software Engineering/STM32Cube/IDE/STM32CubeIDE_1.19.0/STM32CubeIDE/plugins/com.st.stm32cube.ide.mcu.externaltools.gnu-tools-for-stm32.13.3.rel1.win32_1.0.0.202411081344/tools/bin/../lib/gcc/arm-none-eabi/13.3.1/../../../../arm-none-eabi/lib/thumb/v7e-m+fp/hard\libc_nano.a(libc_a-rand.o)
                              ./Core/Src/freertos.o (srand)
D:/Software Engineering/STM32Cube/IDE/STM32CubeIDE_1.19.0/STM32CubeIDE/plugins/com.st.stm32cube.ide.mcu.externaltools.gnu-tools-for-stm32.13.3.rel1.win32_1.0.0.202411081344/tools/bin/../lib/gcc/arm-none-eabi/13.3.1/../../../../arm-none-eabi/lib/thumb/v7e-m+fp/hard\libc_nano.a(libc_a-nano-vfprintf_float.o)
                              (_printf_float)
D:/Software Engineering/STM32Cube/IDE/STM32CubeIDE_1.19.0/STM32CubeIDE/plugins/com.st.stm32cube.ide.mcu.externaltools.gnu-tools-for-stm32.13.3.rel1.win32_1.0.0.202411081344/tools/bin/../lib/gcc/arm-none-eabi/13.3.1/../../../../arm-none-eabi/lib/thumb/v7e-m+fp/hard\libc_nano.a(libc_a-nano-vfprintf_i.o)
                              D:/Software Engineering/STM32Cube/IDE/STM32CubeIDE_1.19.0/STM32CubeIDE/plugins/com.st.stm32cube.ide.mcu.externaltools.gnu-tools-for-stm32.13.3.rel1.win32_1.0.0.202411081344/tools/bin/../lib/gcc/arm-none-eabi/13.3.1/../../../../arm-none-eabi/lib/thumb/v7e-m+fp/hard\libc_nano.a(libc_a-nano-vfprintf_float.o) (_printf_common)
D:/Software Engineering/STM32Cube/IDE/STM32CubeIDE_1.19.0/STM32CubeIDE/plugins/com.st.stm32cube.ide.mcu.externaltools.gnu-tools-for-stm32.13.3.rel1.win32_1.0.0.202411081344/tools/bin/../lib/gcc/arm-none-eabi/13.3.1/../../../../arm-none-eabi/lib/thumb/v7e-m+fp/hard\libc_nano.a(libc_a-findfp.o)
                              ./Middlewares/Third_Party/FreeRTOS/Source/tasks.o (__sf)
D:/Software Engineering/STM32Cube/IDE/STM32CubeIDE_1.19.0/STM32CubeIDE/plugins/com.st.stm32cube.ide.mcu.externaltools.gnu-tools-for-stm32.13.3.rel1.win32_1.0.0.202411081344/tools/bin/../lib/gcc/arm-none-eabi/13.3.1/../../../../arm-none-eabi/lib/thumb/v7e-m+fp/hard\libc_nano.a(libc_a-fwalk.o)
                              D:/Software Engineering/STM32Cube/IDE/STM32CubeIDE_1.19.0/STM32CubeIDE/plugins/com.st.stm32cube.ide.mcu.externaltools.gnu-tools-for-stm32.13.3.rel1.win32_1.0.0.202411081344/tools/bin/../lib/gcc/arm-none-eabi/13.3.1/../../../../arm-none-eabi/lib/thumb/v7e-m+fp/hard\libc_nano.a(libc_a-findfp.o) (_fwalk_sglue)
D:/Software Engineering/STM32Cube/IDE/STM32CubeIDE_1.19.0/STM32CubeIDE/plugins/com.st.stm32cube.ide.mcu.externaltools.gnu-tools-for-stm32.13.3.rel1.win32_1.0.0.202411081344/tools/bin/../lib/gcc/arm-none-eabi/13.3.1/../../../../arm-none-eabi/lib/thumb/v7e-m+fp/hard\libc_nano.a(libc_a-snprintf.o)
                              ./Core/Src/ssd1306_tests.o (snprintf)
D:/Software Engineering/STM32Cube/IDE/STM32CubeIDE_1.19.0/STM32CubeIDE/plugins/com.st.stm32cube.ide.mcu.externaltools.gnu-tools-for-stm32.13.3.rel1.win32_1.0.0.202411081344/tools/bin/../lib/gcc/arm-none-eabi/13.3.1/../../../../arm-none-eabi/lib/thumb/v7e-m+fp/hard\libc_nano.a(libc_a-sprintf.o)
                              ./Core/Src/freertos.o (sprintf)
D:/Software Engineering/STM32Cube/IDE/STM32CubeIDE_1.19.0/STM32CubeIDE/plugins/com.st.stm32cube.ide.mcu.externaltools.gnu-tools-for-stm32.13.3.rel1.win32_1.0.0.202411081344/tools/bin/../lib/gcc/arm-none-eabi/13.3.1/../../../../arm-none-eabi/lib/thumb/v7e-m+fp/hard\libc_nano.a(libc_a-stdio.o)
                              D:/Software Engineering/STM32Cube/IDE/STM32CubeIDE_1.19.0/STM32CubeIDE/plugins/com.st.stm32cube.ide.mcu.externaltools.gnu-tools-for-stm32.13.3.rel1.win32_1.0.0.202411081344/tools/bin/../lib/gcc/arm-none-eabi/13.3.1/../../../../arm-none-eabi/lib/thumb/v7e-m+fp/hard\libc_nano.a(libc_a-findfp.o) (__sread)
D:/Software Engineering/STM32Cube/IDE/STM32CubeIDE_1.19.0/STM32CubeIDE/plugins/com.st.stm32cube.ide.mcu.externaltools.gnu-tools-for-stm32.13.3.rel1.win32_1.0.0.202411081344/tools/bin/../lib/gcc/arm-none-eabi/13.3.1/../../../../arm-none-eabi/lib/thumb/v7e-m+fp/hard\libc_nano.a(libc_a-memmove.o)
                              ./Core/Src/ssd1306_tests.o (memmove)
[...]
Memory Configuration

Name             Origin             Length             Attributes
RAM              0x20000000         0x00010000         xrw
FLASH            0x08000000         0x00040000         xr
*default*        0x00000000         0xffffffff

Linker script and memory map

LOAD D:/Software Engineering/STM32Cube/IDE/STM32CubeIDE_1.19.0/STM32CubeIDE/plugins/com.st.stm32cube.ide.mcu.externaltools.gnu-tools-for-stm32.13.3.rel1.win32_1.0.0.202411081344/tools/bin/../lib/gcc/arm-none-eabi/13.3.1/thumb/v7e-m+fp/hard/crti.o
LOAD D:/Software Engineering/STM32Cube/IDE/STM32CubeIDE_1.19.0/STM32CubeIDE/plugins/com.st.stm32cube.ide.mcu.externaltools.gnu-tools-for-stm32.13.3.rel1.win32_1.0.0.202411081344/tools/bin/../lib/gcc/arm-none-eabi/13.3.1/thumb/v7e-m+fp/hard/crtbegin.o
LOAD D:/Software Engineering/STM32Cube/IDE/STM32CubeIDE_1.19.0/STM32CubeIDE/plugins/com.st.stm32cube.ide.mcu.externaltools.gnu-tools-for-stm32.13.3.rel1.win32_1.0.0.202411081344/tools/bin/../lib/gcc/arm-none-eabi/13.3.1/../../../../arm-none-eabi/lib/thumb/v7e-m+fp/hard/crt0.o
LOAD ./Core/Src/adc.o
LOAD ./Core/Src/coin.o
LOAD ./Core/Src/dice.o
LOAD ./Core/Src/freertos.o
LOAD ./Core/Src/gpio.o
LOAD ./Core/Src/i2c.o
LOAD ./Core/Src/main.o
LOAD ./Core/Src/ssd1306.o
LOAD ./Core/Src/ssd1306_fonts.o
LOAD ./Core/Src/ssd1306_tests.o
LOAD ./Core/Src/stm32f4xx_hal_msp.o
LOAD ./Core/Src/stm32f4xx_hal_timebase_tim.o
LOAD ./Core/Src/stm32f4xx_it.o
LOAD ./Core/Src/syscalls.o
LOAD ./Core/Src/sysmem.o
LOAD ./Core/Src/system_stm32f4xx.o
LOAD ./Core/Src/tim.o
LOAD ./Core/Src/usart.o
LOAD ./Core/Startup/startup_stm32f401ccux.o
LOAD ./Drivers/STM32F4xx_HAL_Driver/Src/stm32f4xx_hal.o
LOAD ./Drivers/STM32F4xx_HAL_Driver/Src/stm32f4xx_hal_adc.o
LOAD ./Drivers/STM32F4xx_HAL_Driver/Src/stm32f4xx_hal_adc_ex.o
LOAD ./Drivers/STM32F4xx_HAL_Driver/Src/stm32f4xx_hal_cortex.o
LOAD ./Drivers/STM32F4xx_HAL_Driver/Src/stm32f4xx_hal_dma.o
LOAD ./Drivers/STM32F4xx_HAL_Driver/Src/stm32f4xx_hal_dma_ex.o
LOAD ./Drivers/STM32F4xx_HAL_Driver/Src/stm32f4xx_hal_exti.o
LOAD ./Drivers/STM32F4xx_HAL_Driver/Src/stm32f4xx_hal_flash.o
LOAD ./Drivers/STM32F4xx_HAL_Driver/Src/stm32f4xx_hal_flash_ex.o
LOAD ./Drivers/STM32F4xx_HAL_Driver/Src/stm32f4xx_hal_flash_ramfunc.o
LOAD ./Drivers/STM32F4xx_HAL_Driver/Src/stm32f4xx_hal_gpio.o
LOAD ./Drivers/STM32F4xx_HAL_Driver/Src/stm32f4xx_hal_i2c.o
LOAD ./Drivers/STM32F4xx_HAL_Driver/Src/stm32f4xx_hal_i2c_ex.o
LOAD ./Drivers/STM32F4xx_HAL_Driver/Src/stm32f4xx_hal_pwr.o
LOAD ./Drivers/STM32F4xx_HAL_Driver/Src/stm32f4xx_hal_pwr_ex.o
LOAD ./Drivers/STM32F4xx_HAL_Driver/Src/stm32f4xx_hal_rcc.o
LOAD ./Drivers/STM32F4xx_HAL_Driver/Src/stm32f4xx_hal_rcc_ex.o
LOAD ./Drivers/STM32F4xx_HAL_Driver/Src/stm32f4xx_hal_tim.o
LOAD ./Drivers/STM32F4xx_HAL_Driver/Src/stm32f4xx_hal_tim_ex.o
LOAD ./Drivers/STM32F4xx_HAL_Driver/Src/stm32f4xx_hal_uart.o
LOAD ./Drivers/STM32F4xx_HAL_Driver/Src/stm32f4xx_ll_adc.o
LOAD ./Middlewares/Third_Party/FreeRTOS/Source/CMSIS_RTOS/cmsis_os.o
LOAD ./Middlewares/Third_Party/FreeRTOS/Source/croutine.o
LOAD ./Middlewares/Third_Party/FreeRTOS/Source/event_groups.o
LOAD ./Middlewares/Third_Party/FreeRTOS/Source/list.o
LOAD ./Middlewares/Third_Party/FreeRTOS/Source/queue.o
LOAD ./Middlewares/Third_Party/FreeRTOS/Source/stream_buffer.o
LOAD ./Middlewares/Third_Party/FreeRTOS/Source/tasks.o
LOAD ./Middlewares/Third_Party/FreeRTOS/Source/timers.o
LOAD ./Middlewares/Third_Party/FreeRTOS/Source/portable/GCC/ARM_CM4F/port.o
LOAD ./Middlewares/Third_Party/FreeRTOS/Source/portable/MemMang/heap_4.o
START GROUP
LOAD D:/Software Engineering/STM32Cube/IDE/STM32CubeIDE_1.19.0/STM32CubeIDE/plugins/com.st.stm32cube.ide.mcu.externaltools.gnu-tools-for-stm32.13.3.rel1.win32_1.0.0.202411081344/tools/bin/../lib/gcc/arm-none-eabi/13.3.1/../../../../arm-none-eabi/lib/thumb/v7e-m+fp/hard\libc_nano.a
LOAD D:/Software Engineering/STM32Cube/IDE/STM32CubeIDE_1.19.0/STM32CubeIDE/plugins/com.st.stm32cube.ide.mcu.externaltools.gnu-tools-for-stm32.13.3.rel1.win32_1.0.0.202411081344/tools/bin/../lib/gcc/arm-none-eabi/13.3.1/../../../../arm-none-eabi/lib/thumb/v7e-m+fp/hard\libm.a
END GROUP
START GROUP
LOAD D:/Software Engineering/STM32Cube/IDE/STM32CubeIDE_1.19.0/STM32CubeIDE/plugins/com.st.stm32cube.ide.mcu.externaltools.gnu-tools-for-stm32.13.3.rel1.win32_1.0.0.202411081344/tools/bin/../lib/gcc/arm-none-eabi/13.3.1/thumb/v7e-m+fp/hard\libgcc.a
LOAD D:/Software Engineering/STM32Cube/IDE/STM32CubeIDE_1.19.0/STM32CubeIDE/plugins/com.st.stm32cube.ide.mcu.externaltools.gnu-tools-for-stm32.13.3.rel1.win32_1.0.0.202411081344/tools/bin/../lib/gcc/arm-none-eabi/13.3.1/../../../../arm-none-eabi/lib/thumb/v7e-m+fp/hard\libc_nano.a
END GROUP
START GROUP
LOAD D:/Software Engineering/STM32Cube/IDE/STM32CubeIDE_1.19.0/STM32CubeIDE/plugins/com.st.stm32cube.ide.mcu.externaltools.gnu-tools-for-stm32.13.3.rel1.win32_1.0.0.202411081344/tools/bin/../lib/gcc/arm-none-eabi/13.3.1/thumb/v7e-m+fp/hard\libgcc.a
LOAD D:/Software Engineering/STM32Cube/IDE/STM32CubeIDE_1.19.0/STM32CubeIDE/plugins/com.st.stm32cube.ide.mcu.externaltools.gnu-tools-for-stm32.13.3.rel1.win32_1.0.0.202411081344/tools/bin/../lib/gcc/arm-none-eabi/13.3.1/../../../../arm-none-eabi/lib/thumb/v7e-m+fp/hard\libc_nano.a
LOAD D:/Software Engineering/STM32Cube/IDE/STM32CubeIDE_1.19.0/STM32CubeIDE/plugins/com.st.stm32cube.ide.mcu.externaltools.gnu-tools-for-stm32.13.3.rel1.win32_1.0.0.202411081344/tools/bin/../lib/gcc/arm-none-eabi/13.3.1/../../../../arm-none-eabi/lib/thumb/v7e-m+fp/hard\libnosys.a
END GROUP
START GROUP
LOAD D:/Software Engineering/STM32Cube/IDE/STM32CubeIDE_1.19.0/STM32CubeIDE/plugins/com.st.stm32cube.ide.mcu.externaltools.gnu-tools-for-stm32.13.3.rel1.win32_1.0.0.202411081344/tools/bin/../lib/gcc/arm-none-eabi/13.3.1/thumb/v7e-m+fp/hard\libgcc.a
LOAD D:/Software Engineering/STM32Cube/IDE/STM32CubeIDE_1.19.0/STM32CubeIDE/plugins/com.st.stm32cube.ide.mcu.externaltools.gnu-tools-for-stm32.13.3.rel1.win32_1.0.0.202411081344/tools/bin/../lib/gcc/arm-none-eabi/13.3.1/../../../../arm-none-eabi/lib/thumb/v7e-m+fp/hard\libc_nano.a
LOAD D:/Software Engineering/STM32Cube/IDE/STM32CubeIDE_1.19.0/STM32CubeIDE/plugins/com.st.stm32cube.ide.mcu.externaltools.gnu-tools-for-stm32.13.3.rel1.win32_1.0.0.202411081344/tools/bin/../lib/gcc/arm-none-eabi/13.3.1/../../../../arm-none-eabi/lib/thumb/v7e-m+fp/hard\libnosys.a
END GROUP
LOAD D:/Software Engineering/STM32Cube/IDE/STM32CubeIDE_1.19.0/STM32CubeIDE/plugins/com.st.stm32cube.ide.mcu.externaltools.gnu-tools-for-stm32.13.3.rel1.win32_1.0.0.202411081344/tools/bin/../lib/gcc/arm-none-eabi/13.3.1/thumb/v7e-m+fp/hard/crtend.o
LOAD D:/Software Engineering/STM32Cube/IDE/STM32CubeIDE_1.19.0/STM32CubeIDE/plugins/com.st.stm32cube.ide.mcu.externaltools.gnu-tools-for-stm32.13.3.rel1.win32_1.0.0.202411081344/tools/bin/../lib/gcc/arm-none-eabi/13.3.1/thumb/v7e-m+fp/hard/crtn.o
                0x20010000                        _estack = (ORIGIN (RAM) + LENGTH (RAM))
                0x00000200                        _Min_Heap_Size = 0x200
                0x00000400                        _Min_Stack_Size = 0x400

.isr_vector     0x08000000      0x194
                0x08000000                        . = ALIGN (0x4)
 *(.isr_vector)
 .isr_vector    0x08000000      0x194 ./Core/Startup/startup_stm32f401ccux.o
                0x08000000                g_pfnVectors
                0x08000194                        . = ALIGN (0x4)

.text           0x080001a0     0xccdc
                0x080001a0                        . = ALIGN (0x4)
 *(.text)
 .text          0x080001a0       0x40 D:/Software Engineering/STM32Cube/IDE/STM32CubeIDE_1.19.0/STM32CubeIDE/plugins/com.st.stm32cube.ide.mcu.externaltools.gnu-tools-for-stm32.13.3.rel1.win32_1.0.0.202411081344/tools/bin/../lib/gcc/arm-none-eabi/13.3.1/thumb/v7e-m+fp/hard/crtbegin.o
 .text          0x080001e0       0xa0 D:/Software Engineering/STM32Cube/IDE/STM32CubeIDE_1.19.0/STM32CubeIDE/plugins/com.st.stm32cube.ide.mcu.externaltools.gnu-tools-for-stm32.13.3.rel1.win32_1.0.0.202411081344/tools/bin/../lib/gcc/arm-none-eabi/13.3.1/../../../../arm-none-eabi/lib/thumb/v7e-m+fp/hard\libc_nano.a(libc_a-memchr.o)
                0x080001e0                memchr
 .text          0x08000280       0x10 D:/Software Engineering/STM32Cube/IDE/STM32CubeIDE_1.19.0/STM32CubeIDE/plugins/com.st.stm32cube.ide.mcu.externaltools.gnu-tools-for-stm32.13.3.rel1.win32_1.0.0.202411081344/tools/bin/../lib/gcc/arm-none-eabi/13.3.1/../../../../arm-none-eabi/lib/thumb/v7e-m+fp/hard\libc_nano.a(libc_a-strlen.o)
                0x08000280                strlen
 .text          0x08000290      0x378 D:/Software Engineering/STM32Cube/IDE/STM32CubeIDE_1.19.0/STM32CubeIDE/plugins/com.st.stm32cube.ide.mcu.externaltools.gnu-tools-for-stm32.13.3.rel1.win32_1.0.0.202411081344/tools/bin/../lib/gcc/arm-none-eabi/13.3.1/thumb/v7e-m+fp/hard\libgcc.a(_arm_addsubdf3.o)
                0x08000290                __aeabi_drsub
                0x08000298                __aeabi_dsub
                0x08000298                __subdf3
                0x0800029c                __aeabi_dadd
                0x0800029c                __adddf3
                0x08000514                __floatunsidf
                0x08000514                __aeabi_ui2d
                0x08000534                __floatsidf
                0x08000534                __aeabi_i2d
                0x08000558                __aeabi_f2d
                0x08000558                __extendsfdf2
                0x0800059c                __floatundidf
                0x0800059c                __aeabi_ul2d
                0x080005ac                __floatdidf
                0x080005ac                __aeabi_l2d
 .text          0x08000608      0x424 D:/Software Engineering/STM32Cube/IDE/STM32CubeIDE_1.19.0/STM32CubeIDE/plugins/com.st.stm32cube.ide.mcu.externaltools.gnu-tools-for-stm32.13.3.rel1.win32_1.0.0.202411081344/tools/bin/../lib/gcc/arm-none-eabi/13.3.1/thumb/v7e-m+fp/hard\libgcc.a(_arm_muldivdf3.o)
                0x08000608                __aeabi_dmul
                0x08000608                __muldf3
                0x0800085c                __divdf3
                0x0800085c                __aeabi_ddiv
 .text          0x08000a2c      0x110 D:/Software Engineering/STM32Cube/IDE/STM32CubeIDE_1.19.0/STM32CubeIDE/plugins/com.st.stm32cube.ide.mcu.externaltools.gnu-tools-for-stm32.13.3.rel1.win32_1.0.0.202411081344/tools/bin/../lib/gcc/arm-none-eabi/13.3.1/thumb/v7e-m+fp/hard\libgcc.a(_arm_cmpdf2.o)
                0x08000a2c                __gtdf2
                0x08000a2c                __gedf2
                0x08000a34                __ltdf2
                0x08000a34                __ledf2
                0x08000a3c                __nedf2
                0x08000a3c                __eqdf2
                0x08000a3c                __cmpdf2
                0x08000ab8                __aeabi_cdrcmple
                0x08000ac8                __aeabi_cdcmpeq
                0x08000ac8                __aeabi_cdcmple
                0x08000ad8                __aeabi_dcmpeq
                0x08000aec                __aeabi_dcmplt
                0x08000b00                __aeabi_dcmple
                0x08000b14                __aeabi_dcmpge
                0x08000b28                __aeabi_dcmpgt
 .text          0x08000b3c       0x2c D:/Software Engineering/STM32Cube/IDE/STM32CubeIDE_1.19.0/STM32CubeIDE/plugins/com.st.stm32cube.ide.mcu.externaltools.gnu-tools-for-stm32.13.3.rel1.win32_1.0.0.202411081344/tools/bin/../lib/gcc/arm-none-eabi/13.3.1/thumb/v7e-m+fp/hard\libgcc.a(_arm_unorddf2.o)
                0x08000b3c                __unorddf2
                0x08000b3c                __aeabi_dcmpun
 .text          0x08000b68       0x50 D:/Software Engineering/STM32Cube/IDE/STM32CubeIDE_1.19.0/STM32CubeIDE/plugins/com.st.stm32cube.ide.mcu.externaltools.gnu-tools-for-stm32.13.3.rel1.win32_1.0.0.202411081344/tools/bin/../lib/gcc/arm-none-eabi/13.3.1/thumb/v7e-m+fp/hard\libgcc.a(_arm_fixdfsi.o)
                0x08000b68                __aeabi_d2iz
                0x08000b68                __fixdfsi
 .text          0x08000bb8       0x30 D:/Software Engineering/STM32Cube/IDE/STM32CubeIDE_1.19.0/STM32CubeIDE/plugins/com.st.stm32cube.ide.mcu.externaltools.gnu-tools-for-stm32.13.3.rel1.win32_1.0.0.202411081344/tools/bin/../lib/gcc/arm-none-eabi/13.3.1/thumb/v7e-m+fp/hard\libgcc.a(_aeabi_uldivmod.o)
                0x08000bb8                __aeabi_uldivmod
 .text          0x08000be8      0x2f8 D:/Software Engineering/STM32Cube/IDE/STM32CubeIDE_1.19.0/STM32CubeIDE/plugins/com.st.stm32cube.ide.mcu.externaltools.gnu-tools-for-stm32.13.3.rel1.win32_1.0.0.202411081344/tools/bin/../lib/gcc/arm-none-eabi/13.3.1/thumb/v7e-m+fp/hard\libgcc.a(_udivmoddi4.o)
                0x08000be8                __udivmoddi4
 .text          0x08000ee0        0x4 D:/Software Engineering/STM32Cube/IDE/STM32CubeIDE_1.19.0/STM32CubeIDE/plugins/com.st.stm32cube.ide.mcu.externaltools.gnu-tools-for-stm32.13.3.rel1.win32_1.0.0.202411081344/tools/bin/../lib/gcc/arm-none-eabi/13.3.1/thumb/v7e-m+fp/hard\libgcc.a(_dvmd_tls.o)
                0x08000ee0                __aeabi_idiv0
                0x08000ee0                __aeabi_ldiv0
 *(.text*)
 .text.MX_ADC1_Init
                0x08000ee4       0xa4 ./Core/Src/adc.o
                0x08000ee4                MX_ADC1_Init
 .text.HAL_ADC_MspInit
                0x08000f88       0x88 ./Core/Src/adc.o
                0x08000f88                HAL_ADC_MspInit
 .text.OLED_DrawCoin
                0x08001010       0x8c ./Core/Src/coin.o
                0x08001010                OLED_DrawCoin
 .text.OLED_AnimateCoin
                0x0800109c       0xc4 ./Core/Src/coin.o
                0x0800109c                OLED_AnimateCoin
 .text.OLED_DrawDice
                0x08001160      0x1f4 ./Core/Src/dice.o
                0x08001160                OLED_DrawDice
 .text.OLED_AnimateDice
                0x08001354      0x118 ./Core/Src/dice.o
                0x08001354                OLED_AnimateDice
 .text.vApplicationGetIdleTaskMemory
                0x0800146c       0x34 ./Core/Src/freertos.o
                0x0800146c                vApplicationGetIdleTaskMemory
 .text.MX_FREERTOS_Init
                0x080014a0      0x1ec ./Core/Src/freertos.o
                0x080014a0                MX_FREERTOS_Init
 .text.StartDefaultTask
                0x0800168c       0x10 ./Core/Src/freertos.o
                0x0800168c                StartDefaultTask
 .text.StartTaskSensor
                0x0800169c       0x6c ./Core/Src/freertos.o
                0x0800169c                StartTaskSensor
 .text.StartTaskRNG
                0x08001708      0x11c ./Core/Src/freertos.o
                0x08001708                StartTaskRNG
 .text.StartTaskRotaryPage
                0x08001824       0xec ./Core/Src/freertos.o
                0x08001824                StartTaskRotaryPage
 .text.StartTaskDisplay
                0x08001910      0x548 ./Core/Src/freertos.o
                0x08001910                StartTaskDisplay
 .text.StartTaskEEPROM
                0x08001e58      0x338 ./Core/Src/freertos.o
                0x08001e58                StartTaskEEPROM
 .text.StartTaskBuzzer
                0x08002190       0x98 ./Core/Src/freertos.o
                0x08002190                StartTaskBuzzer
 .text.delay_us
                0x08002228       0x64 ./Core/Src/freertos.o
                0x08002228                delay_us
 .text.Set_Pin_Output
                0x0800228c       0x3c ./Core/Src/freertos.o
                0x0800228c                Set_Pin_Output
 .text.Set_Pin_Input
                0x080022c8       0x3c ./Core/Src/freertos.o
                0x080022c8                Set_Pin_Input
 .text.DHT22_WaitPinState
                0x08002304       0x4a ./Core/Src/freertos.o
 *fill*         0x0800234e        0x2 
 .text.DHT22_Read
                0x08002350      0x1a8 ./Core/Src/freertos.o
                0x08002350                DHT22_Read
 .text.MX_GPIO_Init
                0x080024f8       0x9c ./Core/Src/gpio.o
                0x080024f8                MX_GPIO_Init
 .text.MX_I2C1_Init
                0x08002594       0x5c ./Core/Src/i2c.o
                0x08002594                MX_I2C1_Init
 .text.HAL_I2C_MspInit
                0x080025f0       0x90 ./Core/Src/i2c.o
                0x080025f0                HAL_I2C_MspInit
 .text.main     0x08002680       0x40 ./Core/Src/main.o
                0x08002680                main
 .text.SystemClock_Config
                0x080026c0       0xc0 ./Core/Src/main.o
                0x080026c0                SystemClock_Config
 .text.HAL_TIM_PeriodElapsedCallback
                0x08002780       0x24 ./Core/Src/main.o
                0x08002780                HAL_TIM_PeriodElapsedCallback
 .text.Error_Handler
                0x080027a4        0xc ./Core/Src/main.o
                0x080027a4                Error_Handler
 .text.ssd1306_Reset
                0x080027b0        0xe ./Core/Src/ssd1306.o
                0x080027b0                ssd1306_Reset
 *fill*         0x080027be        0x2 
 .text.ssd1306_WriteCommand
                0x080027c0       0x30 ./Core/Src/ssd1306.o
                0x080027c0                ssd1306_WriteCommand
 .text.ssd1306_WriteData
                0x080027f0       0x34 ./Core/Src/ssd1306.o
                0x080027f0                ssd1306_WriteData
 .text.ssd1306_Init
                0x08002824       0xd4 ./Core/Src/ssd1306.o
                0x08002824                ssd1306_Init
 .text.ssd1306_Fill
                0x080028f8       0x30 ./Core/Src/ssd1306.o
                0x080028f8                ssd1306_Fill
 .text.ssd1306_UpdateScreen
                0x08002928       0x50 ./Core/Src/ssd1306.o
                0x08002928                ssd1306_UpdateScreen
 .text.ssd1306_DrawPixel
                0x08002978       0xa8 ./Core/Src/ssd1306.o
                0x08002978                ssd1306_DrawPixel
 .text.ssd1306_WriteChar
                0x08002a20      0x124 ./Core/Src/ssd1306.o
                0x08002a20                ssd1306_WriteChar
 .text.ssd1306_WriteString
                0x08002b44       0x4c ./Core/Src/ssd1306.o
                0x08002b44                ssd1306_WriteString
 .text.ssd1306_SetCursor
                0x08002b90       0x30 ./Core/Src/ssd1306.o
                0x08002b90                ssd1306_SetCursor
 .text.ssd1306_Line
                0x08002bc0       0xd8 ./Core/Src/ssd1306.o
                0x08002bc0                ssd1306_Line
 .text.ssd1306_DrawCircle
                0x08002c98      0x10e ./Core/Src/ssd1306.o
                0x08002c98                ssd1306_DrawCircle
 .text.ssd1306_FillCircle
                0x08002da6       0xe6 ./Core/Src/ssd1306.o
                0x08002da6                ssd1306_FillCircle
 .text.ssd1306_DrawRectangle
                0x08002e8c       0x6e ./Core/Src/ssd1306.o
                0x08002e8c                ssd1306_DrawRectangle
 .text.ssd1306_SetContrast
                0x08002efa       0x26 ./Core/Src/ssd1306.o
                0x08002efa                ssd1306_SetContrast
 .text.ssd1306_SetDisplayOn
                0x08002f20       0x3c ./Core/Src/ssd1306.o
                0x08002f20                ssd1306_SetDisplayOn
 .text.HAL_MspInit
                0x08002f5c       0x58 ./Core/Src/stm32f4xx_hal_msp.o
                0x08002f5c                HAL_MspInit
 .text.HAL_InitTick
                0x08002fb4       0xf8 ./Core/Src/stm32f4xx_hal_timebase_tim.o
                0x08002fb4                HAL_InitTick
 .text.NMI_Handler
                0x080030ac        0x8 ./Core/Src/stm32f4xx_it.o
                0x080030ac                NMI_Handler
 .text.HardFault_Handler
                0x080030b4        0x8 ./Core/Src/stm32f4xx_it.o
                0x080030b4                HardFault_Handler
 .text.MemManage_Handler
                0x080030bc        0x8 ./Core/Src/stm32f4xx_it.o
                0x080030bc                MemManage_Handler
 .text.BusFault_Handler
                0x080030c4        0x8 ./Core/Src/stm32f4xx_it.o
                0x080030c4                BusFault_Handler
 .text.UsageFault_Handler
                0x080030cc        0x8 ./Core/Src/stm32f4xx_it.o
                0x080030cc                UsageFault_Handler
 .text.DebugMon_Handler
                0x080030d4        0xe ./Core/Src/stm32f4xx_it.o
                0x080030d4                DebugMon_Handler
 *fill*         0x080030e2        0x2 
 .text.TIM4_IRQHandler
                0x080030e4       0x14 ./Core/Src/stm32f4xx_it.o
                0x080030e4                TIM4_IRQHandler
 .text._getpid  0x080030f8       0x10 ./Core/Src/syscalls.o
                0x080030f8                _getpid
 .text._kill    0x08003108       0x20 ./Core/Src/syscalls.o
                0x08003108                _kill
 .text._exit    0x08003128       0x16 ./Core/Src/syscalls.o
                0x08003128                _exit
 .text._read    0x0800313e       0x3a ./Core/Src/syscalls.o
                0x0800313e                _read
 .text._write   0x08003178       0x38 ./Core/Src/syscalls.o
                0x08003178                _write
 .text._close   0x080031b0       0x18 ./Core/Src/syscalls.o
                0x080031b0                _close
 .text._fstat   0x080031c8       0x20 ./Core/Src/syscalls.o
                0x080031c8                _fstat
 .text._isatty  0x080031e8       0x16 ./Core/Src/syscalls.o
                0x080031e8                _isatty
 .text._lseek   0x080031fe       0x1a ./Core/Src/syscalls.o
                0x080031fe                _lseek
 .text._sbrk    0x08003218       0x6c ./Core/Src/sysmem.o
                0x08003218                _sbrk
 .text.SystemInit
                0x08003284       0x24 ./Core/Src/system_stm32f4xx.o
                0x08003284                SystemInit
 .text.MX_TIM2_Init
                0x080032a8       0xb0 ./Core/Src/tim.o
                0x080032a8                MX_TIM2_Init
 .text.MX_TIM3_Init
                0x08003358       0xa8 ./Core/Src/tim.o
                0x08003358                MX_TIM3_Init
 .text.HAL_TIM_PWM_MspInit
                0x08003400       0x40 ./Core/Src/tim.o
                0x08003400                HAL_TIM_PWM_MspInit
 .text.HAL_TIM_Encoder_MspInit
                0x08003440       0x90 ./Core/Src/tim.o
                0x08003440                HAL_TIM_Encoder_MspInit
 .text.HAL_TIM_MspPostInit
                0x080034d0       0x70 ./Core/Src/tim.o
                0x080034d0                HAL_TIM_MspPostInit
 .text.MX_USART2_UART_Init
                0x08003540       0x54 ./Core/Src/usart.o
                0x08003540                MX_USART2_UART_Init
 .text.HAL_UART_MspInit
                0x08003594       0x90 ./Core/Src/usart.o
                0x08003594                HAL_UART_MspInit
 .text.Reset_Handler
                0x08003624       0x50 ./Core/Startup/startup_stm32f401ccux.o
                0x08003624                Reset_Handler
 .text.Default_Handler
                0x08003674        0x2 ./Core/Startup/startup_stm32f401ccux.o
                0x08003674                RTC_Alarm_IRQHandler
                0x08003674                EXTI2_IRQHandler
                0x08003674                SPI4_IRQHandler
                0x08003674                TIM1_CC_IRQHandler
                0x08003674                DMA2_Stream5_IRQHandler
                0x08003674                DMA1_Stream5_IRQHandler
                0x08003674                PVD_IRQHandler
                0x08003674                SDIO_IRQHandler
                0x08003674                TAMP_STAMP_IRQHandler
                0x08003674                EXTI3_IRQHandler
                0x08003674                TIM1_UP_TIM10_IRQHandler
                0x08003674                I2C3_ER_IRQHandler
                0x08003674                EXTI0_IRQHandler
                0x08003674                I2C2_EV_IRQHandler
                0x08003674                DMA1_Stream2_IRQHandler
                0x08003674                FPU_IRQHandler
                0x08003674                DMA2_Stream2_IRQHandler
                0x08003674                SPI1_IRQHandler
                0x08003674                TIM1_BRK_TIM9_IRQHandler
                0x08003674                DMA2_Stream3_IRQHandler
                0x08003674                USART6_IRQHandler
                0x08003674                DMA2_Stream0_IRQHandler
                0x08003674                I2C1_EV_IRQHandler
                0x08003674                DMA1_Stream6_IRQHandler
                0x08003674                DMA1_Stream1_IRQHandler
                0x08003674                TIM3_IRQHandler
                0x08003674                RCC_IRQHandler
                0x08003674                Default_Handler
                0x08003674                EXTI15_10_IRQHandler
                0x08003674                ADC_IRQHandler
                0x08003674                DMA1_Stream7_IRQHandler
                0x08003674                TIM5_IRQHandler
                0x08003674                DMA2_Stream7_IRQHandler
                0x08003674                I2C3_EV_IRQHandler
                0x08003674                EXTI9_5_IRQHandler
                0x08003674                RTC_WKUP_IRQHandler
                0x08003674                SPI2_IRQHandler
                0x08003674                DMA1_Stream0_IRQHandler
                0x08003674                EXTI4_IRQHandler
                0x08003674                WWDG_IRQHandler
                0x08003674                TIM2_IRQHandler
                0x08003674                OTG_FS_WKUP_IRQHandler
                0x08003674                TIM1_TRG_COM_TIM11_IRQHandler
                0x08003674                EXTI1_IRQHandler
                0x08003674                USART2_IRQHandler
                0x08003674                I2C2_ER_IRQHandler
                0x08003674                DMA2_Stream1_IRQHandler
                0x08003674                FLASH_IRQHandler
                0x08003674                DMA2_Stream4_IRQHandler
                0x08003674                USART1_IRQHandler
                0x08003674                OTG_FS_IRQHandler
                0x08003674                SPI3_IRQHandler
                0x08003674                DMA1_Stream4_IRQHandler
                0x08003674                I2C1_ER_IRQHandler
                0x08003674                DMA2_Stream6_IRQHandler
                0x08003674                DMA1_Stream3_IRQHandler
 *fill*         0x08003676        0x2 
 .text.HAL_Init
                0x08003678       0x44 ./Drivers/STM32F4xx_HAL_Driver/Src/stm32f4xx_hal.o
                0x08003678                HAL_Init
 .text.HAL_IncTick
                0x080036bc       0x28 ./Drivers/STM32F4xx_HAL_Driver/Src/stm32f4xx_hal.o
                0x080036bc                HAL_IncTick
 .text.HAL_GetTick
                0x080036e4       0x18 ./Drivers/STM32F4xx_HAL_Driver/Src/stm32f4xx_hal.o
                0x080036e4                HAL_GetTick
 .text.HAL_Delay
                0x080036fc       0x48 ./Drivers/STM32F4xx_HAL_Driver/Src/stm32f4xx_hal.o
                0x080036fc                HAL_Delay
 .text.HAL_ADC_Init
                0x08003744       0x86 ./Drivers/STM32F4xx_HAL_Driver/Src/stm32f4xx_hal_adc.o
                0x08003744                HAL_ADC_Init
 *fill*         0x080037ca        0x2 
 .text.HAL_ADC_Start
                0x080037cc      0x168 ./Drivers/STM32F4xx_HAL_Driver/Src/stm32f4xx_hal_adc.o
                0x080037cc                HAL_ADC_Start
 .text.HAL_ADC_Stop
                0x08003934       0x66 ./Drivers/STM32F4xx_HAL_Driver/Src/stm32f4xx_hal_adc.o
                0x08003934                HAL_ADC_Stop
 .text.HAL_ADC_PollForConversion
                0x0800399a      0x116 ./Drivers/STM32F4xx_HAL_Driver/Src/stm32f4xx_hal_adc.o
                0x0800399a                HAL_ADC_PollForConversion
 .text.HAL_ADC_GetValue
                0x08003ab0       0x1a ./Drivers/STM32F4xx_HAL_Driver/Src/stm32f4xx_hal_adc.o
                0x08003ab0                HAL_ADC_GetValue
 *fill*         0x08003aca        0x2 
 .text.HAL_ADC_ConfigChannel
                0x08003acc      0x244 ./Drivers/STM32F4xx_HAL_Driver/Src/stm32f4xx_hal_adc.o
                0x08003acc                HAL_ADC_ConfigChannel
 .text.ADC_Init
                0x08003d10      0x1f8 ./Drivers/STM32F4xx_HAL_Driver/Src/stm32f4xx_hal_adc.o
 .text.__NVIC_SetPriorityGrouping
                0x08003f08       0x48 ./Drivers/STM32F4xx_HAL_Driver/Src/stm32f4xx_hal_cortex.o
 .text.__NVIC_GetPriorityGrouping
                0x08003f50       0x1c ./Drivers/STM32F4xx_HAL_Driver/Src/stm32f4xx_hal_cortex.o
 .text.__NVIC_EnableIRQ
                0x08003f6c       0x3c ./Drivers/STM32F4xx_HAL_Driver/Src/stm32f4xx_hal_cortex.o
 .text.__NVIC_SetPriority
                0x08003fa8       0x54 ./Drivers/STM32F4xx_HAL_Driver/Src/stm32f4xx_hal_cortex.o
 .text.NVIC_EncodePriority
                0x08003ffc       0x66 ./Drivers/STM32F4xx_HAL_Driver/Src/stm32f4xx_hal_cortex.o
 .text.HAL_NVIC_SetPriorityGrouping
                0x08004062       0x16 ./Drivers/STM32F4xx_HAL_Driver/Src/stm32f4xx_hal_cortex.o
                0x08004062                HAL_NVIC_SetPriorityGrouping
 .text.HAL_NVIC_SetPriority
                0x08004078       0x38 ./Drivers/STM32F4xx_HAL_Driver/Src/stm32f4xx_hal_cortex.o
                0x08004078                HAL_NVIC_SetPriority
 .text.HAL_NVIC_EnableIRQ
                0x080040b0       0x1c ./Drivers/STM32F4xx_HAL_Driver/Src/stm32f4xx_hal_cortex.o
                0x080040b0                HAL_NVIC_EnableIRQ
 .text.HAL_GPIO_Init
                0x080040cc      0x308 ./Drivers/STM32F4xx_HAL_Driver/Src/stm32f4xx_hal_gpio.o
                0x080040cc                HAL_GPIO_Init
 .text.HAL_GPIO_ReadPin
                0x080043d4       0x30 ./Drivers/STM32F4xx_HAL_Driver/Src/stm32f4xx_hal_gpio.o
                0x080043d4                HAL_GPIO_ReadPin
 .text.HAL_GPIO_WritePin
                0x08004404       0x32 ./Drivers/STM32F4xx_HAL_Driver/Src/stm32f4xx_hal_gpio.o
                0x08004404                HAL_GPIO_WritePin
 *fill*         0x08004436        0x2 
 .text.HAL_I2C_Init
                0x08004438      0x288 ./Drivers/STM32F4xx_HAL_Driver/Src/stm32f4xx_hal_i2c.o
                0x08004438                HAL_I2C_Init
 .text.HAL_I2C_Mem_Write
                0x080046c0      0x1f4 ./Drivers/STM32F4xx_HAL_Driver/Src/stm32f4xx_hal_i2c.o
                0x080046c0                HAL_I2C_Mem_Write
 .text.HAL_I2C_Mem_Read
                0x080048b4      0x464 ./Drivers/STM32F4xx_HAL_Driver/Src/stm32f4xx_hal_i2c.o
                0x080048b4                HAL_I2C_Mem_Read
 .text.I2C_RequestMemoryWrite
                0x08004d18      0x12c ./Drivers/STM32F4xx_HAL_Driver/Src/stm32f4xx_hal_i2c.o
 .text.I2C_RequestMemoryRead
                0x08004e44      0x1d0 ./Drivers/STM32F4xx_HAL_Driver/Src/stm32f4xx_hal_i2c.o
 .text.I2C_WaitOnFlagUntilTimeout
                0x08005014       0xf4 ./Drivers/STM32F4xx_HAL_Driver/Src/stm32f4xx_hal_i2c.o
 .text.I2C_WaitOnMasterAddressFlagUntilTimeout
                0x08005108      0x140 ./Drivers/STM32F4xx_HAL_Driver/Src/stm32f4xx_hal_i2c.o
 .text.I2C_WaitOnTXEFlagUntilTimeout
                0x08005248       0x90 ./Drivers/STM32F4xx_HAL_Driver/Src/stm32f4xx_hal_i2c.o
 .text.I2C_WaitOnBTFFlagUntilTimeout
                0x080052d8       0x90 ./Drivers/STM32F4xx_HAL_Driver/Src/stm32f4xx_hal_i2c.o
 .text.I2C_WaitOnRXNEFlagUntilTimeout
                0x08005368       0xba ./Drivers/STM32F4xx_HAL_Driver/Src/stm32f4xx_hal_i2c.o
 .text.I2C_IsAcknowledgeFailed
                0x08005422       0x5e ./Drivers/STM32F4xx_HAL_Driver/Src/stm32f4xx_hal_i2c.o
 .text.HAL_RCC_OscConfig
                0x08005480      0x4f0 ./Drivers/STM32F4xx_HAL_Driver/Src/stm32f4xx_hal_rcc.o
                0x08005480                HAL_RCC_OscConfig
 .text.HAL_RCC_ClockConfig
                0x08005970      0x1cc ./Drivers/STM32F4xx_HAL_Driver/Src/stm32f4xx_hal_rcc.o
                0x08005970                HAL_RCC_ClockConfig
 .text.HAL_RCC_GetSysClockFreq
                0x08005b3c      0x18c ./Drivers/STM32F4xx_HAL_Driver/Src/stm32f4xx_hal_rcc.o
                0x08005b3c                HAL_RCC_GetSysClockFreq
 .text.HAL_RCC_GetHCLKFreq
                0x08005cc8       0x18 ./Drivers/STM32F4xx_HAL_Driver/Src/stm32f4xx_hal_rcc.o
                0x08005cc8                HAL_RCC_GetHCLKFreq
 .text.HAL_RCC_GetPCLK1Freq
                0x08005ce0       0x28 ./Drivers/STM32F4xx_HAL_Driver/Src/stm32f4xx_hal_rcc.o
                0x08005ce0                HAL_RCC_GetPCLK1Freq
 .text.HAL_RCC_GetPCLK2Freq
                0x08005d08       0x28 ./Drivers/STM32F4xx_HAL_Driver/Src/stm32f4xx_hal_rcc.o
                0x08005d08                HAL_RCC_GetPCLK2Freq
 .text.HAL_RCC_GetClockConfig
                0x08005d30       0x64 ./Drivers/STM32F4xx_HAL_Driver/Src/stm32f4xx_hal_rcc.o
                0x08005d30                HAL_RCC_GetClockConfig
 .text.HAL_TIM_Base_Init
                0x08005d94       0x9e ./Drivers/STM32F4xx_HAL_Driver/Src/stm32f4xx_hal_tim.o
                0x08005d94                HAL_TIM_Base_Init
 .text.HAL_TIM_Base_MspInit
                0x08005e32       0x14 ./Drivers/STM32F4xx_HAL_Driver/Src/stm32f4xx_hal_tim.o
                0x08005e32                HAL_TIM_Base_MspInit
 *fill*         0x08005e46        0x2 
 .text.HAL_TIM_Base_Start_IT
                0x08005e48       0xc4 ./Drivers/STM32F4xx_HAL_Driver/Src/stm32f4xx_hal_tim.o
                0x08005e48                HAL_TIM_Base_Start_IT
 .text.HAL_TIM_PWM_Init
                0x08005f0c       0x9e ./Drivers/STM32F4xx_HAL_Driver/Src/stm32f4xx_hal_tim.o
                0x08005f0c                HAL_TIM_PWM_Init
 *fill*         0x08005faa        0x2 
 .text.HAL_TIM_PWM_Start
                0x08005fac      0x160 ./Drivers/STM32F4xx_HAL_Driver/Src/stm32f4xx_hal_tim.o
                0x08005fac                HAL_TIM_PWM_Start
 .text.HAL_TIM_PWM_Stop
                0x0800610c       0xc8 ./Drivers/STM32F4xx_HAL_Driver/Src/stm32f4xx_hal_tim.o
                0x0800610c                HAL_TIM_PWM_Stop
 .text.HAL_TIM_Encoder_Init
                0x080061d4      0x14c ./Drivers/STM32F4xx_HAL_Driver/Src/stm32f4xx_hal_tim.o
                0x080061d4                HAL_TIM_Encoder_Init
 .text.HAL_TIM_Encoder_Start
                0x08006320      0x11c ./Drivers/STM32F4xx_HAL_Driver/Src/stm32f4xx_hal_tim.o
                0x08006320                HAL_TIM_Encoder_Start
 .text.HAL_TIM_IRQHandler
                0x0800643c      0x1e0 ./Drivers/STM32F4xx_HAL_Driver/Src/stm32f4xx_hal_tim.o
                0x0800643c                HAL_TIM_IRQHandler
 .text.HAL_TIM_PWM_ConfigChannel
                0x0800661c      0x184 ./Drivers/STM32F4xx_HAL_Driver/Src/stm32f4xx_hal_tim.o
                0x0800661c                HAL_TIM_PWM_ConfigChannel
 .text.HAL_TIM_OC_DelayElapsedCallback
                0x080067a0       0x14 ./Drivers/STM32F4xx_HAL_Driver/Src/stm32f4xx_hal_tim.o
                0x080067a0                HAL_TIM_OC_DelayElapsedCallback
 .text.HAL_TIM_IC_CaptureCallback
                0x080067b4       0x14 ./Drivers/STM32F4xx_HAL_Driver/Src/stm32f4xx_hal_tim.o
                0x080067b4                HAL_TIM_IC_CaptureCallback
 .text.HAL_TIM_PWM_PulseFinishedCallback
                0x080067c8       0x14 ./Drivers/STM32F4xx_HAL_Driver/Src/stm32f4xx_hal_tim.o
                0x080067c8                HAL_TIM_PWM_PulseFinishedCallback
 .text.HAL_TIM_TriggerCallback
                0x080067dc       0x14 ./Drivers/STM32F4xx_HAL_Driver/Src/stm32f4xx_hal_tim.o
                0x080067dc                HAL_TIM_TriggerCallback
 .text.TIM_Base_SetConfig
                0x080067f0      0x10c ./Drivers/STM32F4xx_HAL_Driver/Src/stm32f4xx_hal_tim.o
                0x080067f0                TIM_Base_SetConfig
 .text.TIM_OC1_SetConfig
                0x080068fc       0xcc ./Drivers/STM32F4xx_HAL_Driver/Src/stm32f4xx_hal_tim.o
 .text.TIM_OC2_SetConfig
                0x080069c8       0xd8 ./Drivers/STM32F4xx_HAL_Driver/Src/stm32f4xx_hal_tim.o
                0x080069c8                TIM_OC2_SetConfig
 .text.TIM_OC3_SetConfig
                0x08006aa0       0xd4 ./Drivers/STM32F4xx_HAL_Driver/Src/stm32f4xx_hal_tim.o
 .text.TIM_OC4_SetConfig
                0x08006b74       0xa0 ./Drivers/STM32F4xx_HAL_Driver/Src/stm32f4xx_hal_tim.o
 .text.TIM_CCxChannelCmd
                0x08006c14       0x4a ./Drivers/STM32F4xx_HAL_Driver/Src/stm32f4xx_hal_tim.o
                0x08006c14                TIM_CCxChannelCmd
 *fill*         0x08006c5e        0x2 
 .text.HAL_TIMEx_MasterConfigSynchronization
                0x08006c60       0xdc ./Drivers/STM32F4xx_HAL_Driver/Src/stm32f4xx_hal_tim_ex.o
                0x08006c60                HAL_TIMEx_MasterConfigSynchronization
 .text.HAL_TIMEx_CommutCallback
                0x08006d3c       0x14 ./Drivers/STM32F4xx_HAL_Driver/Src/stm32f4xx_hal_tim_ex.o
                0x08006d3c                HAL_TIMEx_CommutCallback
 .text.HAL_TIMEx_BreakCallback
                0x08006d50       0x14 ./Drivers/STM32F4xx_HAL_Driver/Src/stm32f4xx_hal_tim_ex.o
                0x08006d50                HAL_TIMEx_BreakCallback
 .text.HAL_UART_Init
                0x08006d64       0xa0 ./Drivers/STM32F4xx_HAL_Driver/Src/stm32f4xx_hal_uart.o
                0x08006d64                HAL_UART_Init
 .text.UART_SetConfig
                0x08006e04      0x4e8 ./Drivers/STM32F4xx_HAL_Driver/Src/stm32f4xx_hal_uart.o
 .text.makeFreeRtosPriority
                0x080072ec       0x30 ./Middlewares/Third_Party/FreeRTOS/Source/CMSIS_RTOS/cmsis_os.o
 .text.inHandlerMode
                0x0800731c       0x24 ./Middlewares/Third_Party/FreeRTOS/Source/CMSIS_RTOS/cmsis_os.o
 .text.osKernelStart
                0x08007340        0xe ./Middlewares/Third_Party/FreeRTOS/Source/CMSIS_RTOS/cmsis_os.o
                0x08007340                osKernelStart
 .text.osThreadCreate
                0x0800734e       0x98 ./Middlewares/Third_Party/FreeRTOS/Source/CMSIS_RTOS/cmsis_os.o
                0x0800734e                osThreadCreate
 .text.osDelay  0x080073e6       0x28 ./Middlewares/Third_Party/FreeRTOS/Source/CMSIS_RTOS/cmsis_os.o
                0x080073e6                osDelay
 .text.osMutexCreate
                0x0800740e       0x30 ./Middlewares/Third_Party/FreeRTOS/Source/CMSIS_RTOS/cmsis_os.o
                0x0800740e                osMutexCreate
 *fill*         0x0800743e        0x2 
 .text.osMutexWait
                0x08007440       0x9c ./Middlewares/Third_Party/FreeRTOS/Source/CMSIS_RTOS/cmsis_os.o
                0x08007440                osMutexWait
 .text.osMutexRelease
                0x080074dc       0x6c ./Middlewares/Third_Party/FreeRTOS/Source/CMSIS_RTOS/cmsis_os.o
                0x080074dc                osMutexRelease
 .text.osSemaphoreCreate
                0x08007548       0x64 ./Middlewares/Third_Party/FreeRTOS/Source/CMSIS_RTOS/cmsis_os.o
                0x08007548                osSemaphoreCreate
 .text.osSemaphoreWait
                0x080075ac       0x9c ./Middlewares/Third_Party/FreeRTOS/Source/CMSIS_RTOS/cmsis_os.o
                0x080075ac                osSemaphoreWait
 .text.osSemaphoreRelease
                0x08007648       0x6c ./Middlewares/Third_Party/FreeRTOS/Source/CMSIS_RTOS/cmsis_os.o
                0x08007648                osSemaphoreRelease
 .text.vListInitialise
                0x080076b4       0x40 ./Middlewares/Third_Party/FreeRTOS/Source/list.o
                0x080076b4                vListInitialise
 .text.vListInitialiseItem
                0x080076f4       0x1a ./Middlewares/Third_Party/FreeRTOS/Source/list.o
                0x080076f4                vListInitialiseItem
 .text.vListInsertEnd
                0x0800770e       0x48 ./Middlewares/Third_Party/FreeRTOS/Source/list.o
                0x0800770e                vListInsertEnd
 .text.vListInsert
                0x08007756       0x72 ./Middlewares/Third_Party/FreeRTOS/Source/list.o
                0x08007756                vListInsert
 .text.uxListRemove
                0x080077c8       0x54 ./Middlewares/Third_Party/FreeRTOS/Source/list.o
                0x080077c8                uxListRemove
 .text.xQueueGenericReset
                0x0800781c       0xd4 ./Middlewares/Third_Party/FreeRTOS/Source/queue.o
                0x0800781c                xQueueGenericReset
 .text.xQueueGenericCreateStatic
                0x080078f0       0xfa ./Middlewares/Third_Party/FreeRTOS/Source/queue.o
                0x080078f0                xQueueGenericCreateStatic
 .text.xQueueGenericCreate
                0x080079ea       0x76 ./Middlewares/Third_Party/FreeRTOS/Source/queue.o
                0x080079ea                xQueueGenericCreate
 .text.prvInitialiseNewQueue
                0x08007a60       0x3e ./Middlewares/Third_Party/FreeRTOS/Source/queue.o
 .text.prvInitialiseMutex
                0x08007a9e       0x34 ./Middlewares/Third_Party/FreeRTOS/Source/queue.o
 .text.xQueueCreateMutex
                0x08007ad2       0x30 ./Middlewares/Third_Party/FreeRTOS/Source/queue.o
                0x08007ad2                xQueueCreateMutex
 .text.xQueueCreateMutexStatic
                0x08007b02       0x36 ./Middlewares/Third_Party/FreeRTOS/Source/queue.o
                0x08007b02                xQueueCreateMutexStatic
 .text.xQueueGenericSend
                0x08007b38      0x204 ./Middlewares/Third_Party/FreeRTOS/Source/queue.o
                0x08007b38                xQueueGenericSend
 .text.xQueueGiveFromISR
                0x08007d3c      0x120 ./Middlewares/Third_Party/FreeRTOS/Source/queue.o
                0x08007d3c                xQueueGiveFromISR
 .text.xQueueReceive
                0x08007e5c      0x1c4 ./Middlewares/Third_Party/FreeRTOS/Source/queue.o
                0x08007e5c                xQueueReceive
 .text.xQueueSemaphoreTake
                0x08008020      0x220 ./Middlewares/Third_Party/FreeRTOS/Source/queue.o
                0x08008020                xQueueSemaphoreTake
 .text.xQueuePeek
                0x08008240      0x1c8 ./Middlewares/Third_Party/FreeRTOS/Source/queue.o
                0x08008240                xQueuePeek
 .text.xQueueReceiveFromISR
                0x08008408      0x104 ./Middlewares/Third_Party/FreeRTOS/Source/queue.o
                0x08008408                xQueueReceiveFromISR
 .text.prvGetDisinheritPriorityAfterTimeout
                0x0800850c       0x30 ./Middlewares/Third_Party/FreeRTOS/Source/queue.o
 .text.prvCopyDataToQueue
                0x0800853c       0xd4 ./Middlewares/Third_Party/FreeRTOS/Source/queue.o
 .text.prvCopyDataFromQueue
                0x08008610       0x4c ./Middlewares/Third_Party/FreeRTOS/Source/queue.o
 .text.prvUnlockQueue
                0x0800865c       0xa4 ./Middlewares/Third_Party/FreeRTOS/Source/queue.o
 .text.prvIsQueueEmpty
                0x08008700       0x2c ./Middlewares/Third_Party/FreeRTOS/Source/queue.o
 .text.prvIsQueueFull
                0x0800872c       0x30 ./Middlewares/Third_Party/FreeRTOS/Source/queue.o
 .text.xTaskCreateStatic
                0x0800875c       0xc0 ./Middlewares/Third_Party/FreeRTOS/Source/tasks.o
                0x0800875c                xTaskCreateStatic
 .text.xTaskCreate
                0x0800881c       0x8a ./Middlewares/Third_Party/FreeRTOS/Source/tasks.o
                0x0800881c                xTaskCreate
 *fill*         0x080088a6        0x2 
 .text.prvInitialiseNewTask
                0x080088a8      0x140 ./Middlewares/Third_Party/FreeRTOS/Source/tasks.o
 .text.prvAddNewTaskToReadyList
                0x080089e8       0xd4 ./Middlewares/Third_Party/FreeRTOS/Source/tasks.o
 .text.vTaskDelay
                0x08008abc       0x6c ./Middlewares/Third_Party/FreeRTOS/Source/tasks.o
                0x08008abc                vTaskDelay
 .text.vTaskStartScheduler
                0x08008b28       0xd4 ./Middlewares/Third_Party/FreeRTOS/Source/tasks.o
                0x08008b28                vTaskStartScheduler
 .text.vTaskSuspendAll
                0x08008bfc       0x1c ./Middlewares/Third_Party/FreeRTOS/Source/tasks.o
                0x08008bfc                vTaskSuspendAll
 .text.xTaskResumeAll
                0x08008c18      0x13c ./Middlewares/Third_Party/FreeRTOS/Source/tasks.o
                0x08008c18                xTaskResumeAll
 .text.xTaskIncrementTick
                0x08008d54      0x174 ./Middlewares/Third_Party/FreeRTOS/Source/tasks.o
                0x08008d54                xTaskIncrementTick
 .text.vTaskSwitchContext
                0x08008ec8       0xc8 ./Middlewares/Third_Party/FreeRTOS/Source/tasks.o
                0x08008ec8                vTaskSwitchContext
 .text.vTaskPlaceOnEventList
                0x08008f90       0x4c ./Middlewares/Third_Party/FreeRTOS/Source/tasks.o
                0x08008f90                vTaskPlaceOnEventList
 .text.xTaskRemoveFromEventList
                0x08008fdc       0xc8 ./Middlewares/Third_Party/FreeRTOS/Source/tasks.o
                0x08008fdc                xTaskRemoveFromEventList
 .text.vTaskInternalSetTimeOutState
                0x080090a4       0x2c ./Middlewares/Third_Party/FreeRTOS/Source/tasks.o
                0x080090a4                vTaskInternalSetTimeOutState
 .text.xTaskCheckForTimeOut
                0x080090d0       0xc8 ./Middlewares/Third_Party/FreeRTOS/Source/tasks.o
                0x080090d0                xTaskCheckForTimeOut
 .text.vTaskMissedYield
                0x08009198       0x18 ./Middlewares/Third_Party/FreeRTOS/Source/tasks.o
                0x08009198                vTaskMissedYield
 .text.prvIdleTask
                0x080091b0       0x30 ./Middlewares/Third_Party/FreeRTOS/Source/tasks.o
 .text.prvInitialiseTaskLists
                0x080091e0       0x80 ./Middlewares/Third_Party/FreeRTOS/Source/tasks.o
 .text.prvCheckTasksWaitingTermination
                0x08009260       0x5c ./Middlewares/Third_Party/FreeRTOS/Source/tasks.o
 .text.prvDeleteTCB
                0x080092bc       0x6a ./Middlewares/Third_Party/FreeRTOS/Source/tasks.o
 *fill*         0x08009326        0x2 
 .text.prvResetNextTaskUnblockTime
                0x08009328       0x40 ./Middlewares/Third_Party/FreeRTOS/Source/tasks.o
 .text.xTaskGetSchedulerState
                0x08009368       0x3c ./Middlewares/Third_Party/FreeRTOS/Source/tasks.o
                0x08009368                xTaskGetSchedulerState
 .text.xTaskPriorityInherit
                0x080093a4       0xec ./Middlewares/Third_Party/FreeRTOS/Source/tasks.o
                0x080093a4                xTaskPriorityInherit
 .text.xTaskPriorityDisinherit
                0x08009490      0x110 ./Middlewares/Third_Party/FreeRTOS/Source/tasks.o
                0x08009490                xTaskPriorityDisinherit
 .text.vTaskPriorityDisinheritAfterTimeout
                0x080095a0      0x120 ./Middlewares/Third_Party/FreeRTOS/Source/tasks.o
                0x080095a0                vTaskPriorityDisinheritAfterTimeout
 .text.pvTaskIncrementMutexHeldCount
                0x080096c0       0x28 ./Middlewares/Third_Party/FreeRTOS/Source/tasks.o
                0x080096c0                pvTaskIncrementMutexHeldCount
 .text.prvAddCurrentTaskToDelayedList
                0x080096e8       0xcc ./Middlewares/Third_Party/FreeRTOS/Source/tasks.o
 .text.pxPortInitialiseStack
                0x080097b4       0x68 ./Middlewares/Third_Party/FreeRTOS/Source/portable/GCC/ARM_CM4F/port.o
                0x080097b4                pxPortInitialiseStack
 .text.prvTaskExitError
                0x0800981c       0x5c ./Middlewares/Third_Party/FreeRTOS/Source/portable/GCC/ARM_CM4F/port.o
 *fill*         0x08009878        0x8 
 .text.SVC_Handler
                0x08009880       0x28 ./Middlewares/Third_Party/FreeRTOS/Source/portable/GCC/ARM_CM4F/port.o
                0x08009880                SVC_Handler
 .text.prvPortStartFirstTask
                0x080098a8       0x28 ./Middlewares/Third_Party/FreeRTOS/Source/portable/GCC/ARM_CM4F/port.o
 .text.xPortStartScheduler
                0x080098d0      0x148 ./Middlewares/Third_Party/FreeRTOS/Source/portable/GCC/ARM_CM4F/port.o
                0x080098d0                xPortStartScheduler
 .text.vPortEnterCritical
                0x08009a18       0x64 ./Middlewares/Third_Party/FreeRTOS/Source/portable/GCC/ARM_CM4F/port.o
                0x08009a18                vPortEnterCritical
 .text.vPortExitCritical
                0x08009a7c       0x54 ./Middlewares/Third_Party/FreeRTOS/Source/portable/GCC/ARM_CM4F/port.o
                0x08009a7c                vPortExitCritical
 .text.PendSV_Handler
                0x08009ad0       0x68 ./Middlewares/Third_Party/FreeRTOS/Source/portable/GCC/ARM_CM4F/port.o
                0x08009ad0                PendSV_Handler
 .text.SysTick_Handler
                0x08009b38       0x44 ./Middlewares/Third_Party/FreeRTOS/Source/portable/GCC/ARM_CM4F/port.o
                0x08009b38                SysTick_Handler
 .text.vPortSetupTimerInterrupt
                0x08009b7c       0x48 ./Middlewares/Third_Party/FreeRTOS/Source/portable/GCC/ARM_CM4F/port.o
                0x08009b7c                vPortSetupTimerInterrupt
 .text.vPortEnableVFP
                0x08009bc4       0x14 ./Middlewares/Third_Party/FreeRTOS/Source/portable/GCC/ARM_CM4F/port.o
 .text.vPortValidateInterruptPriority
                0x08009bd8       0x84 ./Middlewares/Third_Party/FreeRTOS/Source/portable/GCC/ARM_CM4F/port.o
                0x08009bd8                vPortValidateInterruptPriority
 .text.pvPortMalloc
                0x08009c5c      0x19c ./Middlewares/Third_Party/FreeRTOS/Source/portable/MemMang/heap_4.o
                0x08009c5c                pvPortMalloc
 .text.vPortFree
                0x08009df8       0xc8 ./Middlewares/Third_Party/FreeRTOS/Source/portable/MemMang/heap_4.o
                0x08009df8                vPortFree
 .text.prvHeapInit
                0x08009ec0       0xc4 ./Middlewares/Third_Party/FreeRTOS/Source/portable/MemMang/heap_4.o
 .text.prvInsertBlockIntoFreeList
                0x08009f84       0xb4 ./Middlewares/Third_Party/FreeRTOS/Source/portable/MemMang/heap_4.o
 .text.srand    0x0800a038       0x5c D:/Software Engineering/STM32Cube/IDE/STM32CubeIDE_1.19.0/STM32CubeIDE/plugins/com.st.stm32cube.ide.mcu.externaltools.gnu-tools-for-stm32.13.3.rel1.win32_1.0.0.202411081344/tools/bin/../lib/gcc/arm-none-eabi/13.3.1/../../../../arm-none-eabi/lib/thumb/v7e-m+fp/hard\libc_nano.a(libc_a-rand.o)
                0x0800a038                srand
 .text.rand     0x0800a094       0x7c D:/Software Engineering/STM32Cube/IDE/STM32CubeIDE_1.19.0/STM32CubeIDE/plugins/com.st.stm32cube.ide.mcu.externaltools.gnu-tools-for-stm32.13.3.rel1.win32_1.0.0.202411081344/tools/bin/../lib/gcc/arm-none-eabi/13.3.1/../../../../arm-none-eabi/lib/thumb/v7e-m+fp/hard\libc_nano.a(libc_a-rand.o)
                0x0800a094                rand
 .text.__cvt    0x0800a110       0xca D:/Software Engineering/STM32Cube/IDE/STM32CubeIDE_1.19.0/STM32CubeIDE/plugins/com.st.stm32cube.ide.mcu.externaltools.gnu-tools-for-stm32.13.3.rel1.win32_1.0.0.202411081344/tools/bin/../lib/gcc/arm-none-eabi/13.3.1/../../../../arm-none-eabi/lib/thumb/v7e-m+fp/hard\libc_nano.a(libc_a-nano-vfprintf_float.o)
                0x0800a110                __cvt
 .text.__exponent
                0x0800a1da       0x74 D:/Software Engineering/STM32Cube/IDE/STM32CubeIDE_1.19.0/STM32CubeIDE/plugins/com.st.stm32cube.ide.mcu.externaltools.gnu-tools-for-stm32.13.3.rel1.win32_1.0.0.202411081344/tools/bin/../lib/gcc/arm-none-eabi/13.3.1/../../../../arm-none-eabi/lib/thumb/v7e-m+fp/hard\libc_nano.a(libc_a-nano-vfprintf_float.o)
                0x0800a1da                __exponent
 *fill*         0x0800a24e        0x2 
 .text._printf_float
                0x0800a250      0x454 D:/Software Engineering/STM32Cube/IDE/STM32CubeIDE_1.19.0/STM32CubeIDE/plugins/com.st.stm32cube.ide.mcu.externaltools.gnu-tools-for-stm32.13.3.rel1.win32_1.0.0.202411081344/tools/bin/../lib/gcc/arm-none-eabi/13.3.1/../../../../arm-none-eabi/lib/thumb/v7e-m+fp/hard\libc_nano.a(libc_a-nano-vfprintf_float.o)
                0x0800a250                _printf_float
 .text._printf_common
                0x0800a6a4       0xda D:/Software Engineering/STM32Cube/IDE/STM32CubeIDE_1.19.0/STM32CubeIDE/plugins/com.st.stm32cube.ide.mcu.externaltools.gnu-tools-for-stm32.13.3.rel1.win32_1.0.0.202411081344/tools/bin/../lib/gcc/arm-none-eabi/13.3.1/../../../../arm-none-eabi/lib/thumb/v7e-m+fp/hard\libc_nano.a(libc_a-nano-vfprintf_i.o)
                0x0800a6a4                _printf_common
 *fill*         0x0800a77e        0x2 
 .text._printf_i
                0x0800a780      0x23c D:/Software Engineering/STM32Cube/IDE/STM32CubeIDE_1.19.0/STM32CubeIDE/plugins/com.st.stm32cube.ide.mcu.externaltools.gnu-tools-for-stm32.13.3.rel1.win32_1.0.0.202411081344/tools/bin/../lib/gcc/arm-none-eabi/13.3.1/../../../../arm-none-eabi/lib/thumb/v7e-m+fp/hard\libc_nano.a(libc_a-nano-vfprintf_i.o)
                0x0800a780                _printf_i
 .text.std      0x0800a9bc       0x6c D:/Software Engineering/STM32Cube/IDE/STM32CubeIDE_1.19.0/STM32CubeIDE/plugins/com.st.stm32cube.ide.mcu.externaltools.gnu-tools-for-stm32.13.3.rel1.win32_1.0.0.202411081344/tools/bin/../lib/gcc/arm-none-eabi/13.3.1/../../../../arm-none-eabi/lib/thumb/v7e-m+fp/hard\libc_nano.a(libc_a-findfp.o)
 .text.stdio_exit_handler
                0x0800aa28       0x18 D:/Software Engineering/STM32Cube/IDE/STM32CubeIDE_1.19.0/STM32CubeIDE/plugins/com.st.stm32cube.ide.mcu.externaltools.gnu-tools-for-stm32.13.3.rel1.win32_1.0.0.202411081344/tools/bin/../lib/gcc/arm-none-eabi/13.3.1/../../../../arm-none-eabi/lib/thumb/v7e-m+fp/hard\libc_nano.a(libc_a-findfp.o)
 .text.cleanup_stdio
                0x0800aa40       0x40 D:/Software Engineering/STM32Cube/IDE/STM32CubeIDE_1.19.0/STM32CubeIDE/plugins/com.st.stm32cube.ide.mcu.externaltools.gnu-tools-for-stm32.13.3.rel1.win32_1.0.0.202411081344/tools/bin/../lib/gcc/arm-none-eabi/13.3.1/../../../../arm-none-eabi/lib/thumb/v7e-m+fp/hard\libc_nano.a(libc_a-findfp.o)
 .text.global_stdio_init.part.0
                0x0800aa80       0x3c D:/Software Engineering/STM32Cube/IDE/STM32CubeIDE_1.19.0/STM32CubeIDE/plugins/com.st.stm32cube.ide.mcu.externaltools.gnu-tools-for-stm32.13.3.rel1.win32_1.0.0.202411081344/tools/bin/../lib/gcc/arm-none-eabi/13.3.1/../../../../arm-none-eabi/lib/thumb/v7e-m+fp/hard\libc_nano.a(libc_a-findfp.o)
 .text.__sfp_lock_acquire
                0x0800aabc        0xc D:/Software Engineering/STM32Cube/IDE/STM32CubeIDE_1.19.0/STM32CubeIDE/plugins/com.st.stm32cube.ide.mcu.externaltools.gnu-tools-for-stm32.13.3.rel1.win32_1.0.0.202411081344/tools/bin/../lib/gcc/arm-none-eabi/13.3.1/../../../../arm-none-eabi/lib/thumb/v7e-m+fp/hard\libc_nano.a(libc_a-findfp.o)
                0x0800aabc                __sfp_lock_acquire
 .text.__sfp_lock_release
                0x0800aac8        0xc D:/Software Engineering/STM32Cube/IDE/STM32CubeIDE_1.19.0/STM32CubeIDE/plugins/com.st.stm32cube.ide.mcu.externaltools.gnu-tools-for-stm32.13.3.rel1.win32_1.0.0.202411081344/tools/bin/../lib/gcc/arm-none-eabi/13.3.1/../../../../arm-none-eabi/lib/thumb/v7e-m+fp/hard\libc_nano.a(libc_a-findfp.o)
                0x0800aac8                __sfp_lock_release
 .text.__sinit  0x0800aad4       0x30 D:/Software Engineering/STM32Cube/IDE/STM32CubeIDE_1.19.0/STM32CubeIDE/plugins/com.st.stm32cube.ide.mcu.externaltools.gnu-tools-for-stm32.13.3.rel1.win32_1.0.0.202411081344/tools/bin/../lib/gcc/arm-none-eabi/13.3.1/../../../../arm-none-eabi/lib/thumb/v7e-m+fp/hard\libc_nano.a(libc_a-findfp.o)
                0x0800aad4                __sinit
 .text._fwalk_sglue
                0x0800ab04       0x3c D:/Software Engineering/STM32Cube/IDE/STM32CubeIDE_1.19.0/STM32CubeIDE/plugins/com.st.stm32cube.ide.mcu.externaltools.gnu-tools-for-stm32.13.3.rel1.win32_1.0.0.202411081344/tools/bin/../lib/gcc/arm-none-eabi/13.3.1/../../../../arm-none-eabi/lib/thumb/v7e-m+fp/hard\libc_nano.a(libc_a-fwalk.o)
                0x0800ab04                _fwalk_sglue
 .text.sprintf  0x0800ab40       0x44 D:/Software Engineering/STM32Cube/IDE/STM32CubeIDE_1.19.0/STM32CubeIDE/plugins/com.st.stm32cube.ide.mcu.externaltools.gnu-tools-for-stm32.13.3.rel1.win32_1.0.0.202411081344/tools/bin/../lib/gcc/arm-none-eabi/13.3.1/../../../../arm-none-eabi/lib/thumb/v7e-m+fp/hard\libc_nano.a(libc_a-sprintf.o)
                0x0800ab40                siprintf
                0x0800ab40                sprintf
 .text.__sread  0x0800ab84       0x22 D:/Software Engineering/STM32Cube/IDE/STM32CubeIDE_1.19.0/STM32CubeIDE/plugins/com.st.stm32cube.ide.mcu.externaltools.gnu-tools-for-stm32.13.3.rel1.win32_1.0.0.202411081344/tools/bin/../lib/gcc/arm-none-eabi/13.3.1/../../../../arm-none-eabi/lib/thumb/v7e-m+fp/hard\libc_nano.a(libc_a-stdio.o)
                0x0800ab84                __sread
 .text.__swrite
                0x0800aba6       0x38 D:/Software Engineering/STM32Cube/IDE/STM32CubeIDE_1.19.0/STM32CubeIDE/plugins/com.st.stm32cube.ide.mcu.externaltools.gnu-tools-for-stm32.13.3.rel1.win32_1.0.0.202411081344/tools/bin/../lib/gcc/arm-none-eabi/13.3.1/../../../../arm-none-eabi/lib/thumb/v7e-m+fp/hard\libc_nano.a(libc_a-stdio.o)
                0x0800aba6                __swrite
 .text.__sseek  0x0800abde       0x24 D:/Software Engineering/STM32Cube/IDE/STM32CubeIDE_1.19.0/STM32CubeIDE/plugins/com.st.stm32cube.ide.mcu.externaltools.gnu-tools-for-stm32.13.3.rel1.win32_1.0.0.202411081344/tools/bin/../lib/gcc/arm-none-eabi/13.3.1/../../../../arm-none-eabi/lib/thumb/v7e-m+fp/hard\libc_nano.a(libc_a-stdio.o)
                0x0800abde                __sseek
 .text.__sclose
                0x0800ac02        0x8 D:/Software Engineering/STM32Cube/IDE/STM32CubeIDE_1.19.0/STM32CubeIDE/plugins/com.st.stm32cube.ide.mcu.externaltools.gnu-tools-for-stm32.13.3.rel1.win32_1.0.0.202411081344/tools/bin/../lib/gcc/arm-none-eabi/13.3.1/../../../../arm-none-eabi/lib/thumb/v7e-m+fp/hard\libc_nano.a(libc_a-stdio.o)
                0x0800ac02                __sclose
 .text.memmove  0x0800ac0a       0x34 D:/Software Engineering/STM32Cube/IDE/STM32CubeIDE_1.19.0/STM32CubeIDE/plugins/com.st.stm32cube.ide.mcu.externaltools.gnu-tools-for-stm32.13.3.rel1.win32_1.0.0.202411081344/tools/bin/../lib/gcc/arm-none-eabi/13.3.1/../../../../arm-none-eabi/lib/thumb/v7e-m+fp/hard\libc_nano.a(libc_a-memmove.o)
                0x0800ac0a                memmove
 .text.memset   0x0800ac3e       0x10 D:/Software Engineering/STM32Cube/IDE/STM32CubeIDE_1.19.0/STM32CubeIDE/plugins/com.st.stm32cube.ide.mcu.externaltools.gnu-tools-for-stm32.13.3.rel1.win32_1.0.0.202411081344/tools/bin/../lib/gcc/arm-none-eabi/13.3.1/../../../../arm-none-eabi/lib/thumb/v7e-m+fp/hard\libc_nano.a(libc_a-memset.o)
                0x0800ac3e                memset
 *fill*         0x0800ac4e        0x2 
 .text._localeconv_r
                0x0800ac50        0x8 D:/Software Engineering/STM32Cube/IDE/STM32CubeIDE_1.19.0/STM32CubeIDE/plugins/com.st.stm32cube.ide.mcu.externaltools.gnu-tools-for-stm32.13.3.rel1.win32_1.0.0.202411081344/tools/bin/../lib/gcc/arm-none-eabi/13.3.1/../../../../arm-none-eabi/lib/thumb/v7e-m+fp/hard\libc_nano.a(libc_a-localeconv.o)
                0x0800ac50                _localeconv_r
 .text._close_r
                0x0800ac58       0x20 D:/Software Engineering/STM32Cube/IDE/STM32CubeIDE_1.19.0/STM32CubeIDE/plugins/com.st.stm32cube.ide.mcu.externaltools.gnu-tools-for-stm32.13.3.rel1.win32_1.0.0.202411081344/tools/bin/../lib/gcc/arm-none-eabi/13.3.1/../../../../arm-none-eabi/lib/thumb/v7e-m+fp/hard\libc_nano.a(libc_a-closer.o)
                0x0800ac58                _close_r
 .text._reclaim_reent
                0x0800ac78       0xbc D:/Software Engineering/STM32Cube/IDE/STM32CubeIDE_1.19.0/STM32CubeIDE/plugins/com.st.stm32cube.ide.mcu.externaltools.gnu-tools-for-stm32.13.3.rel1.win32_1.0.0.202411081344/tools/bin/../lib/gcc/arm-none-eabi/13.3.1/../../../../arm-none-eabi/lib/thumb/v7e-m+fp/hard\libc_nano.a(libc_a-reent.o)
                0x0800ac78                _reclaim_reent
 .text._lseek_r
                0x0800ad34       0x24 D:/Software Engineering/STM32Cube/IDE/STM32CubeIDE_1.19.0/STM32CubeIDE/plugins/com.st.stm32cube.ide.mcu.externaltools.gnu-tools-for-stm32.13.3.rel1.win32_1.0.0.202411081344/tools/bin/../lib/gcc/arm-none-eabi/13.3.1/../../../../arm-none-eabi/lib/thumb/v7e-m+fp/hard\libc_nano.a(libc_a-lseekr.o)
                0x0800ad34                _lseek_r
 .text._read_r  0x0800ad58       0x24 D:/Software Engineering/STM32Cube/IDE/STM32CubeIDE_1.19.0/STM32CubeIDE/plugins/com.st.stm32cube.ide.mcu.externaltools.gnu-tools-for-stm32.13.3.rel1.win32_1.0.0.202411081344/tools/bin/../lib/gcc/arm-none-eabi/13.3.1/../../../../arm-none-eabi/lib/thumb/v7e-m+fp/hard\libc_nano.a(libc_a-readr.o)
                0x0800ad58                _read_r
 .text._write_r
                0x0800ad7c       0x24 D:/Software Engineering/STM32Cube/IDE/STM32CubeIDE_1.19.0/STM32CubeIDE/plugins/com.st.stm32cube.ide.mcu.externaltools.gnu-tools-for-stm32.13.3.rel1.win32_1.0.0.202411081344/tools/bin/../lib/gcc/arm-none-eabi/13.3.1/../../../../arm-none-eabi/lib/thumb/v7e-m+fp/hard\libc_nano.a(libc_a-writer.o)
                0x0800ad7c                _write_r
 .text.__errno  0x0800ada0        0xc D:/Software Engineering/STM32Cube/IDE/STM32CubeIDE_1.19.0/STM32CubeIDE/plugins/com.st.stm32cube.ide.mcu.externaltools.gnu-tools-for-stm32.13.3.rel1.win32_1.0.0.202411081344/tools/bin/../lib/gcc/arm-none-eabi/13.3.1/../../../../arm-none-eabi/lib/thumb/v7e-m+fp/hard\libc_nano.a(libc_a-errno.o)
                0x0800ada0                __errno
 .text.__libc_init_array
                0x0800adac       0x48 D:/Software Engineering/STM32Cube/IDE/STM32CubeIDE_1.19.0/STM32CubeIDE/plugins/com.st.stm32cube.ide.mcu.externaltools.gnu-tools-for-stm32.13.3.rel1.win32_1.0.0.202411081344/tools/bin/../lib/gcc/arm-none-eabi/13.3.1/../../../../arm-none-eabi/lib/thumb/v7e-m+fp/hard\libc_nano.a(libc_a-init.o)
                0x0800adac                __libc_init_array
 .text.__retarget_lock_init_recursive
                0x0800adf4        0x2 D:/Software Engineering/STM32Cube/IDE/STM32CubeIDE_1.19.0/STM32CubeIDE/plugins/com.st.stm32cube.ide.mcu.externaltools.gnu-tools-for-stm32.13.3.rel1.win32_1.0.0.202411081344/tools/bin/../lib/gcc/arm-none-eabi/13.3.1/../../../../arm-none-eabi/lib/thumb/v7e-m+fp/hard\libc_nano.a(libc_a-lock.o)
                0x0800adf4                __retarget_lock_init_recursive
 .text.__retarget_lock_acquire_recursive
                0x0800adf6        0x2 D:/Software Engineering/STM32Cube/IDE/STM32CubeIDE_1.19.0/STM32CubeIDE/plugins/com.st.stm32cube.ide.mcu.externaltools.gnu-tools-for-stm32.13.3.rel1.win32_1.0.0.202411081344/tools/bin/../lib/gcc/arm-none-eabi/13.3.1/../../../../arm-none-eabi/lib/thumb/v7e-m+fp/hard\libc_nano.a(libc_a-lock.o)
                0x0800adf6                __retarget_lock_acquire_recursive
 .text.__retarget_lock_release_recursive
                0x0800adf8        0x2 D:/Software Engineering/STM32Cube/IDE/STM32CubeIDE_1.19.0/STM32CubeIDE/plugins/com.st.stm32cube.ide.mcu.externaltools.gnu-tools-for-stm32.13.3.rel1.win32_1.0.0.202411081344/tools/bin/../lib/gcc/arm-none-eabi/13.3.1/../../../../arm-none-eabi/lib/thumb/v7e-m+fp/hard\libc_nano.a(libc_a-lock.o)
                0x0800adf8                __retarget_lock_release_recursive
 .text.memcpy   0x0800adfa       0x1c D:/Software Engineering/STM32Cube/IDE/STM32CubeIDE_1.19.0/STM32CubeIDE/plugins/com.st.stm32cube.ide.mcu.externaltools.gnu-tools-for-stm32.13.3.rel1.win32_1.0.0.202411081344/tools/bin/../lib/gcc/arm-none-eabi/13.3.1/../../../../arm-none-eabi/lib/thumb/v7e-m+fp/hard\libc_nano.a(libc_a-memcpy-stub.o)
                0x0800adfa                memcpy
 *fill*         0x0800ae16        0x2 
 .text.__assert_func
                0x0800ae18       0x3c D:/Software Engineering/STM32Cube/IDE/STM32CubeIDE_1.19.0/STM32CubeIDE/plugins/com.st.stm32cube.ide.mcu.externaltools.gnu-tools-for-stm32.13.3.rel1.win32_1.0.0.202411081344/tools/bin/../lib/gcc/arm-none-eabi/13.3.1/../../../../arm-none-eabi/lib/thumb/v7e-m+fp/hard\libc_nano.a(libc_a-assert.o)
                0x0800ae18                __assert_func
 .text.quorem   0x0800ae54      0x110 D:/Software Engineering/STM32Cube/IDE/STM32CubeIDE_1.19.0/STM32CubeIDE/plugins/com.st.stm32cube.ide.mcu.externaltools.gnu-tools-for-stm32.13.3.rel1.win32_1.0.0.202411081344/tools/bin/../lib/gcc/arm-none-eabi/13.3.1/../../../../arm-none-eabi/lib/thumb/v7e-m+fp/hard\libc_nano.a(libc_a-dtoa.o)
 *fill*         0x0800af64        0x4 
 .text._dtoa_r  0x0800af68      0xba0 D:/Software Engineering/STM32Cube/IDE/STM32CubeIDE_1.19.0/STM32CubeIDE/plugins/com.st.stm32cube.ide.mcu.externaltools.gnu-tools-for-stm32.13.3.rel1.win32_1.0.0.202411081344/tools/bin/../lib/gcc/arm-none-eabi/13.3.1/../../../../arm-none-eabi/lib/thumb/v7e-m+fp/hard\libc_nano.a(libc_a-dtoa.o)
                0x0800af68                _dtoa_r
 .text._free_r  0x0800bb08       0x94 D:/Software Engineering/STM32Cube/IDE/STM32CubeIDE_1.19.0/STM32CubeIDE/plugins/com.st.stm32cube.ide.mcu.externaltools.gnu-tools-for-stm32.13.3.rel1.win32_1.0.0.202411081344/tools/bin/../lib/gcc/arm-none-eabi/13.3.1/../../../../arm-none-eabi/lib/thumb/v7e-m+fp/hard\libc_nano.a(libc_a-freer.o)
                0x0800bb08                _free_r
 .text.malloc   0x0800bb9c       0x10 D:/Software Engineering/STM32Cube/IDE/STM32CubeIDE_1.19.0/STM32CubeIDE/plugins/com.st.stm32cube.ide.mcu.externaltools.gnu-tools-for-stm32.13.3.rel1.win32_1.0.0.202411081344/tools/bin/../lib/gcc/arm-none-eabi/13.3.1/../../../../arm-none-eabi/lib/thumb/v7e-m+fp/hard\libc_nano.a(libc_a-malloc.o)
                0x0800bb9c                malloc
 .text.sbrk_aligned
                0x0800bbac       0x44 D:/Software Engineering/STM32Cube/IDE/STM32CubeIDE_1.19.0/STM32CubeIDE/plugins/com.st.stm32cube.ide.mcu.externaltools.gnu-tools-for-stm32.13.3.rel1.win32_1.0.0.202411081344/tools/bin/../lib/gcc/arm-none-eabi/13.3.1/../../../../arm-none-eabi/lib/thumb/v7e-m+fp/hard\libc_nano.a(libc_a-mallocr.o)
 .text._malloc_r
                0x0800bbf0      0x100 D:/Software Engineering/STM32Cube/IDE/STM32CubeIDE_1.19.0/STM32CubeIDE/plugins/com.st.stm32cube.ide.mcu.externaltools.gnu-tools-for-stm32.13.3.rel1.win32_1.0.0.202411081344/tools/bin/../lib/gcc/arm-none-eabi/13.3.1/../../../../arm-none-eabi/lib/thumb/v7e-m+fp/hard\libc_nano.a(libc_a-mallocr.o)
                0x0800bbf0                _malloc_r
 .text.__malloc_lock
                0x0800bcf0        0xc D:/Software Engineering/STM32Cube/IDE/STM32CubeIDE_1.19.0/STM32CubeIDE/plugins/com.st.stm32cube.ide.mcu.externaltools.gnu-tools-for-stm32.13.3.rel1.win32_1.0.0.202411081344/tools/bin/../lib/gcc/arm-none-eabi/13.3.1/../../../../arm-none-eabi/lib/thumb/v7e-m+fp/hard\libc_nano.a(libc_a-mlock.o)
                0x0800bcf0                __malloc_lock
 .text.__malloc_unlock
                0x0800bcfc        0xc D:/Software Engineering/STM32Cube/IDE/STM32CubeIDE_1.19.0/STM32CubeIDE/plugins/com.st.stm32cube.ide.mcu.externaltools.gnu-tools-for-stm32.13.3.rel1.win32_1.0.0.202411081344/tools/bin/../lib/gcc/arm-none-eabi/13.3.1/../../../../arm-none-eabi/lib/thumb/v7e-m+fp/hard\libc_nano.a(libc_a-mlock.o)
                0x0800bcfc                __malloc_unlock
 .text._Balloc  0x0800bd08       0x80 D:/Software Engineering/STM32Cube/IDE/STM32CubeIDE_1.19.0/STM32CubeIDE/plugins/com.st.stm32cube.ide.mcu.externaltools.gnu-tools-for-stm32.13.3.rel1.win32_1.0.0.202411081344/tools/bin/../lib/gcc/arm-none-eabi/13.3.1/../../../../arm-none-eabi/lib/thumb/v7e-m+fp/hard\libc_nano.a(libc_a-mprec.o)
                0x0800bd08                _Balloc
 .text._Bfree   0x0800bd88       0x44 D:/Software Engineering/STM32Cube/IDE/STM32CubeIDE_1.19.0/STM32CubeIDE/plugins/com.st.stm32cube.ide.mcu.externaltools.gnu-tools-for-stm32.13.3.rel1.win32_1.0.0.202411081344/tools/bin/../lib/gcc/arm-none-eabi/13.3.1/../../../../arm-none-eabi/lib/thumb/v7e-m+fp/hard\libc_nano.a(libc_a-mprec.o)
                0x0800bd88                _Bfree
 .text.__multadd
                0x0800bdcc       0x8c D:/Software Engineering/STM32Cube/IDE/STM32CubeIDE_1.19.0/STM32CubeIDE/plugins/com.st.stm32cube.ide.mcu.externaltools.gnu-tools-for-stm32.13.3.rel1.win32_1.0.0.202411081344/tools/bin/../lib/gcc/arm-none-eabi/13.3.1/../../../../arm-none-eabi/lib/thumb/v7e-m+fp/hard\libc_nano.a(libc_a-mprec.o)
                0x0800bdcc                __multadd
 .text.__hi0bits
                0x0800be58       0x3e D:/Software Engineering/STM32Cube/IDE/STM32CubeIDE_1.19.0/STM32CubeIDE/plugins/com.st.stm32cube.ide.mcu.externaltools.gnu-tools-for-stm32.13.3.rel1.win32_1.0.0.202411081344/tools/bin/../lib/gcc/arm-none-eabi/13.3.1/../../../../arm-none-eabi/lib/thumb/v7e-m+fp/hard\libc_nano.a(libc_a-mprec.o)
                0x0800be58                __hi0bits
 .text.__lo0bits
                0x0800be96       0x5a D:/Software Engineering/STM32Cube/IDE/STM32CubeIDE_1.19.0/STM32CubeIDE/plugins/com.st.stm32cube.ide.mcu.externaltools.gnu-tools-for-stm32.13.3.rel1.win32_1.0.0.202411081344/tools/bin/../lib/gcc/arm-none-eabi/13.3.1/../../../../arm-none-eabi/lib/thumb/v7e-m+fp/hard\libc_nano.a(libc_a-mprec.o)
                0x0800be96                __lo0bits
 .text.__i2b    0x0800bef0       0x2c D:/Software Engineering/STM32Cube/IDE/STM32CubeIDE_1.19.0/STM32CubeIDE/plugins/com.st.stm32cube.ide.mcu.externaltools.gnu-tools-for-stm32.13.3.rel1.win32_1.0.0.202411081344/tools/bin/../lib/gcc/arm-none-eabi/13.3.1/../../../../arm-none-eabi/lib/thumb/v7e-m+fp/hard\libc_nano.a(libc_a-mprec.o)
                0x0800bef0                __i2b
 .text.__multiply
                0x0800bf1c      0x144 D:/Software Engineering/STM32Cube/IDE/STM32CubeIDE_1.19.0/STM32CubeIDE/plugins/com.st.stm32cube.ide.mcu.externaltools.gnu-tools-for-stm32.13.3.rel1.win32_1.0.0.202411081344/tools/bin/../lib/gcc/arm-none-eabi/13.3.1/../../../../arm-none-eabi/lib/thumb/v7e-m+fp/hard\libc_nano.a(libc_a-mprec.o)
                0x0800bf1c                __multiply
 .text.__pow5mult
                0x0800c060       0xb4 D:/Software Engineering/STM32Cube/IDE/STM32CubeIDE_1.19.0/STM32CubeIDE/plugins/com.st.stm32cube.ide.mcu.externaltools.gnu-tools-for-stm32.13.3.rel1.win32_1.0.0.202411081344/tools/bin/../lib/gcc/arm-none-eabi/13.3.1/../../../../arm-none-eabi/lib/thumb/v7e-m+fp/hard\libc_nano.a(libc_a-mprec.o)
                0x0800c060                __pow5mult
 .text.__lshift
                0x0800c114       0xd8 D:/Software Engineering/STM32Cube/IDE/STM32CubeIDE_1.19.0/STM32CubeIDE/plugins/com.st.stm32cube.ide.mcu.externaltools.gnu-tools-for-stm32.13.3.rel1.win32_1.0.0.202411081344/tools/bin/../lib/gcc/arm-none-eabi/13.3.1/../../../../arm-none-eabi/lib/thumb/v7e-m+fp/hard\libc_nano.a(libc_a-mprec.o)
                0x0800c114                __lshift
 .text.__mcmp   0x0800c1ec       0x36 D:/Software Engineering/STM32Cube/IDE/STM32CubeIDE_1.19.0/STM32CubeIDE/plugins/com.st.stm32cube.ide.mcu.externaltools.gnu-tools-for-stm32.13.3.rel1.win32_1.0.0.202411081344/tools/bin/../lib/gcc/arm-none-eabi/13.3.1/../../../../arm-none-eabi/lib/thumb/v7e-m+fp/hard\libc_nano.a(libc_a-mprec.o)
                0x0800c1ec                __mcmp
 *fill*         0x0800c222        0x2 
 .text.__mdiff  0x0800c224      0x128 D:/Software Engineering/STM32Cube/IDE/STM32CubeIDE_1.19.0/STM32CubeIDE/plugins/com.st.stm32cube.ide.mcu.externaltools.gnu-tools-for-stm32.13.3.rel1.win32_1.0.0.202411081344/tools/bin/../lib/gcc/arm-none-eabi/13.3.1/../../../../arm-none-eabi/lib/thumb/v7e-m+fp/hard\libc_nano.a(libc_a-mprec.o)
                0x0800c224                __mdiff
 .text.__d2b    0x0800c34c       0xb0 D:/Software Engineering/STM32Cube/IDE/STM32CubeIDE_1.19.0/STM32CubeIDE/plugins/com.st.stm32cube.ide.mcu.externaltools.gnu-tools-for-stm32.13.3.rel1.win32_1.0.0.202411081344/tools/bin/../lib/gcc/arm-none-eabi/13.3.1/../../../../arm-none-eabi/lib/thumb/v7e-m+fp/hard\libc_nano.a(libc_a-mprec.o)
                0x0800c34c                __d2b
 .text.__ssputs_r
                0x0800c3fc       0xb6 D:/Software Engineering/STM32Cube/IDE/STM32CubeIDE_1.19.0/STM32CubeIDE/plugins/com.st.stm32cube.ide.mcu.externaltools.gnu-tools-for-stm32.13.3.rel1.win32_1.0.0.202411081344/tools/bin/../lib/gcc/arm-none-eabi/13.3.1/../../../../arm-none-eabi/lib/thumb/v7e-m+fp/hard\libc_nano.a(libc_a-nano-svfprintf.o)
                0x0800c3fc                __ssputs_r
 *fill*         0x0800c4b2        0x2 
 .text._svfprintf_r
                0x0800c4b4      0x1f8 D:/Software Engineering/STM32Cube/IDE/STM32CubeIDE_1.19.0/STM32CubeIDE/plugins/com.st.stm32cube.ide.mcu.externaltools.gnu-tools-for-stm32.13.3.rel1.win32_1.0.0.202411081344/tools/bin/../lib/gcc/arm-none-eabi/13.3.1/../../../../arm-none-eabi/lib/thumb/v7e-m+fp/hard\libc_nano.a(libc_a-nano-svfprintf.o)
                0x0800c4b4                _svfiprintf_r
                0x0800c4b4                _svfprintf_r
 .text.__sflush_r
                0x0800c6ac      0x108 D:/Software Engineering/STM32Cube/IDE/STM32CubeIDE_1.19.0/STM32CubeIDE/plugins/com.st.stm32cube.ide.mcu.externaltools.gnu-tools-for-stm32.13.3.rel1.win32_1.0.0.202411081344/tools/bin/../lib/gcc/arm-none-eabi/13.3.1/../../../../arm-none-eabi/lib/thumb/v7e-m+fp/hard\libc_nano.a(libc_a-fflush.o)
                0x0800c6ac                __sflush_r
 .text._fflush_r
                0x0800c7b4       0x50 D:/Software Engineering/STM32Cube/IDE/STM32CubeIDE_1.19.0/STM32CubeIDE/plugins/com.st.stm32cube.ide.mcu.externaltools.gnu-tools-for-stm32.13.3.rel1.win32_1.0.0.202411081344/tools/bin/../lib/gcc/arm-none-eabi/13.3.1/../../../../arm-none-eabi/lib/thumb/v7e-m+fp/hard\libc_nano.a(libc_a-fflush.o)
                0x0800c7b4                _fflush_r
 .text.fprintf  0x0800c804       0x24 D:/Software Engineering/STM32Cube/IDE/STM32CubeIDE_1.19.0/STM32CubeIDE/plugins/com.st.stm32cube.ide.mcu.externaltools.gnu-tools-for-stm32.13.3.rel1.win32_1.0.0.202411081344/tools/bin/../lib/gcc/arm-none-eabi/13.3.1/../../../../arm-none-eabi/lib/thumb/v7e-m+fp/hard\libc_nano.a(libc_a-fprintf.o)
                0x0800c804                fiprintf
                0x0800c804                fprintf
 .text._sbrk_r  0x0800c828       0x20 D:/Software Engineering/STM32Cube/IDE/STM32CubeIDE_1.19.0/STM32CubeIDE/plugins/com.st.stm32cube.ide.mcu.externaltools.gnu-tools-for-stm32.13.3.rel1.win32_1.0.0.202411081344/tools/bin/../lib/gcc/arm-none-eabi/13.3.1/../../../../arm-none-eabi/lib/thumb/v7e-m+fp/hard\libc_nano.a(libc_a-sbrkr.o)
                0x0800c828                _sbrk_r
 .text.abort    0x0800c848        0xe D:/Software Engineering/STM32Cube/IDE/STM32CubeIDE_1.19.0/STM32CubeIDE/plugins/com.st.stm32cube.ide.mcu.externaltools.gnu-tools-for-stm32.13.3.rel1.win32_1.0.0.202411081344/tools/bin/../lib/gcc/arm-none-eabi/13.3.1/../../../../arm-none-eabi/lib/thumb/v7e-m+fp/hard\libc_nano.a(libc_a-abort.o)
                0x0800c848                abort
 .text._calloc_r
                0x0800c856       0x28 D:/Software Engineering/STM32Cube/IDE/STM32CubeIDE_1.19.0/STM32CubeIDE/plugins/com.st.stm32cube.ide.mcu.externaltools.gnu-tools-for-stm32.13.3.rel1.win32_1.0.0.202411081344/tools/bin/../lib/gcc/arm-none-eabi/13.3.1/../../../../arm-none-eabi/lib/thumb/v7e-m+fp/hard\libc_nano.a(libc_a-callocr.o)
                0x0800c856                _calloc_r
 .text.__ascii_mbtowc
                0x0800c87e       0x24 D:/Software Engineering/STM32Cube/IDE/STM32CubeIDE_1.19.0/STM32CubeIDE/plugins/com.st.stm32cube.ide.mcu.externaltools.gnu-tools-for-stm32.13.3.rel1.win32_1.0.0.202411081344/tools/bin/../lib/gcc/arm-none-eabi/13.3.1/../../../../arm-none-eabi/lib/thumb/v7e-m+fp/hard\libc_nano.a(libc_a-mbtowc_r.o)
                0x0800c87e                __ascii_mbtowc
 .text._realloc_r
                0x0800c8a2       0x5c D:/Software Engineering/STM32Cube/IDE/STM32CubeIDE_1.19.0/STM32CubeIDE/plugins/com.st.stm32cube.ide.mcu.externaltools.gnu-tools-for-stm32.13.3.rel1.win32_1.0.0.202411081344/tools/bin/../lib/gcc/arm-none-eabi/13.3.1/../../../../arm-none-eabi/lib/thumb/v7e-m+fp/hard\libc_nano.a(libc_a-reallocr.o)
                0x0800c8a2                _realloc_r
 .text.__ascii_wctomb
                0x0800c8fe       0x1a D:/Software Engineering/STM32Cube/IDE/STM32CubeIDE_1.19.0/STM32CubeIDE/plugins/com.st.stm32cube.ide.mcu.externaltools.gnu-tools-for-stm32.13.3.rel1.win32_1.0.0.202411081344/tools/bin/../lib/gcc/arm-none-eabi/13.3.1/../../../../arm-none-eabi/lib/thumb/v7e-m+fp/hard\libc_nano.a(libc_a-wctomb_r.o)
                0x0800c8fe                __ascii_wctomb
 .text.__sfputc_r
                0x0800c918       0x2e D:/Software Engineering/STM32Cube/IDE/STM32CubeIDE_1.19.0/STM32CubeIDE/plugins/com.st.stm32cube.ide.mcu.externaltools.gnu-tools-for-stm32.13.3.rel1.win32_1.0.0.202411081344/tools/bin/../lib/gcc/arm-none-eabi/13.3.1/../../../../arm-none-eabi/lib/thumb/v7e-m+fp/hard\libc_nano.a(libc_a-nano-vfprintf.o)
 .text.__sfputs_r
                0x0800c946       0x24 D:/Software Engineering/STM32Cube/IDE/STM32CubeIDE_1.19.0/STM32CubeIDE/plugins/com.st.stm32cube.ide.mcu.externaltools.gnu-tools-for-stm32.13.3.rel1.win32_1.0.0.202411081344/tools/bin/../lib/gcc/arm-none-eabi/13.3.1/../../../../arm-none-eabi/lib/thumb/v7e-m+fp/hard\libc_nano.a(libc_a-nano-vfprintf.o)
                0x0800c946                __sfputs_r
 *fill*         0x0800c96a        0x2 
 .text._vfprintf_r
                0x0800c96c      0x230 D:/Software Engineering/STM32Cube/IDE/STM32CubeIDE_1.19.0/STM32CubeIDE/plugins/com.st.stm32cube.ide.mcu.externaltools.gnu-tools-for-stm32.13.3.rel1.win32_1.0.0.202411081344/tools/bin/../lib/gcc/arm-none-eabi/13.3.1/../../../../arm-none-eabi/lib/thumb/v7e-m+fp/hard\libc_nano.a(libc_a-nano-vfprintf.o)
                0x0800c96c                _vfprintf_r
                0x0800c96c                _vfiprintf_r
 .text.__swbuf_r
                0x0800cb9c       0x7c D:/Software Engineering/STM32Cube/IDE/STM32CubeIDE_1.19.0/STM32CubeIDE/plugins/com.st.stm32cube.ide.mcu.externaltools.gnu-tools-for-stm32.13.3.rel1.win32_1.0.0.202411081344/tools/bin/../lib/gcc/arm-none-eabi/13.3.1/../../../../arm-none-eabi/lib/thumb/v7e-m+fp/hard\libc_nano.a(libc_a-wbuf.o)
                0x0800cb9c                __swbuf_r
 .text.__swsetup_r
                0x0800cc18       0xac D:/Software Engineering/STM32Cube/IDE/STM32CubeIDE_1.19.0/STM32CubeIDE/plugins/com.st.stm32cube.ide.mcu.externaltools.gnu-tools-for-stm32.13.3.rel1.win32_1.0.0.202411081344/tools/bin/../lib/gcc/arm-none-eabi/13.3.1/../../../../arm-none-eabi/lib/thumb/v7e-m+fp/hard\libc_nano.a(libc_a-wsetup.o)
                0x0800cc18                __swsetup_r
 .text._raise_r
                0x0800ccc4       0x50 D:/Software Engineering/STM32Cube/IDE/STM32CubeIDE_1.19.0/STM32CubeIDE/plugins/com.st.stm32cube.ide.mcu.externaltools.gnu-tools-for-stm32.13.3.rel1.win32_1.0.0.202411081344/tools/bin/../lib/gcc/arm-none-eabi/13.3.1/../../../../arm-none-eabi/lib/thumb/v7e-m+fp/hard\libc_nano.a(libc_a-signal.o)
                0x0800ccc4                _raise_r
 .text.raise    0x0800cd14       0x10 D:/Software Engineering/STM32Cube/IDE/STM32CubeIDE_1.19.0/STM32CubeIDE/plugins/com.st.stm32cube.ide.mcu.externaltools.gnu-tools-for-stm32.13.3.rel1.win32_1.0.0.202411081344/tools/bin/../lib/gcc/arm-none-eabi/13.3.1/../../../../arm-none-eabi/lib/thumb/v7e-m+fp/hard\libc_nano.a(libc_a-signal.o)
                0x0800cd14                raise
 .text._kill_r  0x0800cd24       0x24 D:/Software Engineering/STM32Cube/IDE/STM32CubeIDE_1.19.0/STM32CubeIDE/plugins/com.st.stm32cube.ide.mcu.externaltools.gnu-tools-for-stm32.13.3.rel1.win32_1.0.0.202411081344/tools/bin/../lib/gcc/arm-none-eabi/13.3.1/../../../../arm-none-eabi/lib/thumb/v7e-m+fp/hard\libc_nano.a(libc_a-signalr.o)
                0x0800cd24                _kill_r
 .text._getpid_r
                0x0800cd48        0x4 D:/Software Engineering/STM32Cube/IDE/STM32CubeIDE_1.19.0/STM32CubeIDE/plugins/com.st.stm32cube.ide.mcu.externaltools.gnu-tools-for-stm32.13.3.rel1.win32_1.0.0.202411081344/tools/bin/../lib/gcc/arm-none-eabi/13.3.1/../../../../arm-none-eabi/lib/thumb/v7e-m+fp/hard\libc_nano.a(libc_a-signalr.o)
                0x0800cd48                _getpid_r
 .text._malloc_usable_size_r
                0x0800cd4c       0x10 D:/Software Engineering/STM32Cube/IDE/STM32CubeIDE_1.19.0/STM32CubeIDE/plugins/com.st.stm32cube.ide.mcu.externaltools.gnu-tools-for-stm32.13.3.rel1.win32_1.0.0.202411081344/tools/bin/../lib/gcc/arm-none-eabi/13.3.1/../../../../arm-none-eabi/lib/thumb/v7e-m+fp/hard\libc_nano.a(libc_a-msizer.o)
                0x0800cd4c                _malloc_usable_size_r
 .text.__swhatbuf_r
                0x0800cd5c       0x4c D:/Software Engineering/STM32Cube/IDE/STM32CubeIDE_1.19.0/STM32CubeIDE/plugins/com.st.stm32cube.ide.mcu.externaltools.gnu-tools-for-stm32.13.3.rel1.win32_1.0.0.202411081344/tools/bin/../lib/gcc/arm-none-eabi/13.3.1/../../../../arm-none-eabi/lib/thumb/v7e-m+fp/hard\libc_nano.a(libc_a-makebuf.o)
                0x0800cd5c                __swhatbuf_r
 .text.__smakebuf_r
                0x0800cda8       0x78 D:/Software Engineering/STM32Cube/IDE/STM32CubeIDE_1.19.0/STM32CubeIDE/plugins/com.st.stm32cube.ide.mcu.externaltools.gnu-tools-for-stm32.13.3.rel1.win32_1.0.0.202411081344/tools/bin/../lib/gcc/arm-none-eabi/13.3.1/../../../../arm-none-eabi/lib/thumb/v7e-m+fp/hard\libc_nano.a(libc_a-makebuf.o)
                0x0800cda8                __smakebuf_r
 .text._fstat_r
                0x0800ce20       0x24 D:/Software Engineering/STM32Cube/IDE/STM32CubeIDE_1.19.0/STM32CubeIDE/plugins/com.st.stm32cube.ide.mcu.externaltools.gnu-tools-for-stm32.13.3.rel1.win32_1.0.0.202411081344/tools/bin/../lib/gcc/arm-none-eabi/13.3.1/../../../../arm-none-eabi/lib/thumb/v7e-m+fp/hard\libc_nano.a(libc_a-fstatr.o)
                0x0800ce20                _fstat_r
 .text._isatty_r
                0x0800ce44       0x20 D:/Software Engineering/STM32Cube/IDE/STM32CubeIDE_1.19.0/STM32CubeIDE/plugins/com.st.stm32cube.ide.mcu.externaltools.gnu-tools-for-stm32.13.3.rel1.win32_1.0.0.202411081344/tools/bin/../lib/gcc/arm-none-eabi/13.3.1/../../../../arm-none-eabi/lib/thumb/v7e-m+fp/hard\libc_nano.a(libc_a-isattyr.o)
                0x0800ce44                _isatty_r
 *(.glue_7)
 .glue_7        0x0800ce64        0x0 linker stubs
 *(.glue_7t)
 .glue_7t       0x0800ce64        0x0 linker stubs
 *(.eh_frame)
 .eh_frame      0x0800ce64        0x0 D:/Software Engineering/STM32Cube/IDE/STM32CubeIDE_1.19.0/STM32CubeIDE/plugins/com.st.stm32cube.ide.mcu.externaltools.gnu-tools-for-stm32.13.3.rel1.win32_1.0.0.202411081344/tools/bin/../lib/gcc/arm-none-eabi/13.3.1/thumb/v7e-m+fp/hard/crtbegin.o
 *(.init)
 .init          0x0800ce64        0x4 D:/Software Engineering/STM32Cube/IDE/STM32CubeIDE_1.19.0/STM32CubeIDE/plugins/com.st.stm32cube.ide.mcu.externaltools.gnu-tools-for-stm32.13.3.rel1.win32_1.0.0.202411081344/tools/bin/../lib/gcc/arm-none-eabi/13.3.1/thumb/v7e-m+fp/hard/crti.o
                0x0800ce64                _init
 .init          0x0800ce68        0x8 D:/Software Engineering/STM32Cube/IDE/STM32CubeIDE_1.19.0/STM32CubeIDE/plugins/com.st.stm32cube.ide.mcu.externaltools.gnu-tools-for-stm32.13.3.rel1.win32_1.0.0.202411081344/tools/bin/../lib/gcc/arm-none-eabi/13.3.1/thumb/v7e-m+fp/hard/crtn.o
 *(.fini)
 .fini          0x0800ce70        0x4 D:/Software Engineering/STM32Cube/IDE/STM32CubeIDE_1.19.0/STM32CubeIDE/plugins/com.st.stm32cube.ide.mcu.externaltools.gnu-tools-for-stm32.13.3.rel1.win32_1.0.0.202411081344/tools/bin/../lib/gcc/arm-none-eabi/13.3.1/thumb/v7e-m+fp/hard/crti.o
                0x0800ce70                _fini
 .fini          0x0800ce74        0x8 D:/Software Engineering/STM32Cube/IDE/STM32CubeIDE_1.19.0/STM32CubeIDE/plugins/com.st.stm32cube.ide.mcu.externaltools.gnu-tools-for-stm32.13.3.rel1.win32_1.0.0.202411081344/tools/bin/../lib/gcc/arm-none-eabi/13.3.1/thumb/v7e-m+fp/hard/crtn.o
                0x0800ce7c                        . = ALIGN (0x4)
                0x0800ce7c                        _etext = .

.vfp11_veneer   0x0800ce7c        0x0
 .vfp11_veneer  0x0800ce7c        0x0 linker stubs

.v4_bx          0x0800ce7c        0x0
 .v4_bx         0x0800ce7c        0x0 linker stubs

.iplt           0x0800ce7c        0x0
 .iplt          0x0800ce7c        0x0 D:/Software Engineering/STM32Cube/IDE/STM32CubeIDE_1.19.0/STM32CubeIDE/plugins/com.st.stm32cube.ide.mcu.externaltools.gnu-tools-for-stm32.13.3.rel1.win32_1.0.0.202411081344/tools/bin/../lib/gcc/arm-none-eabi/13.3.1/thumb/v7e-m+fp/hard/crtbegin.o

.rodata         0x0800ce80     0x19c4
                0x0800ce80                        . = ALIGN (0x4)
 *(.rodata)
 .rodata        0x0800ce80       0x1c ./Core/Src/coin.o
 .rodata        0x0800ce9c      0x24a ./Core/Src/freertos.o
 *fill*         0x0800d0e6        0x2 
 .rodata        0x0800d0e8        0x5 ./Middlewares/Third_Party/FreeRTOS/Source/tasks.o
 *(.rodata*)
 *fill*         0x0800d0ed        0x3 
 .rodata.SECRET_KEY
                0x0800d0f0        0x8 ./Core/Src/freertos.o
                0x0800d0f0                SECRET_KEY
 .rodata.Font11x18
                0x0800d0f8      0xd5c ./Core/Src/ssd1306_fonts.o
 .rodata.Font6x8
                0x0800de54      0x5f0 ./Core/Src/ssd1306_fonts.o
 .rodata.Font_6x8
                0x0800e444        0xc ./Core/Src/ssd1306_fonts.o
                0x0800e444                Font_6x8
 .rodata.Font_11x18
                0x0800e450        0xc ./Core/Src/ssd1306_fonts.o
                0x0800e450                Font_11x18
 .rodata.AHBPrescTable
                0x0800e45c       0x10 ./Core/Src/system_stm32f4xx.o
                0x0800e45c                AHBPrescTable
 .rodata.APBPrescTable
                0x0800e46c        0x8 ./Core/Src/system_stm32f4xx.o
                0x0800e46c                APBPrescTable
 .rodata.srand.str1.1
                0x0800e474      0x1c9 D:/Software Engineering/STM32Cube/IDE/STM32CubeIDE_1.19.0/STM32CubeIDE/plugins/com.st.stm32cube.ide.mcu.externaltools.gnu-tools-for-stm32.13.3.rel1.win32_1.0.0.202411081344/tools/bin/../lib/gcc/arm-none-eabi/13.3.1/../../../../arm-none-eabi/lib/thumb/v7e-m+fp/hard\libc_nano.a(libc_a-rand.o)
                                 0x6f (size before relaxing)
 .rodata._printf_float.str1.1
                0x0800e63d       0x12 D:/Software Engineering/STM32Cube/IDE/STM32CubeIDE_1.19.0/STM32CubeIDE/plugins/com.st.stm32cube.ide.mcu.externaltools.gnu-tools-for-stm32.13.3.rel1.win32_1.0.0.202411081344/tools/bin/../lib/gcc/arm-none-eabi/13.3.1/../../../../arm-none-eabi/lib/thumb/v7e-m+fp/hard\libc_nano.a(libc_a-nano-vfprintf_float.o)
 .rodata._printf_i.str1.1
                0x0800e63d       0x22 D:/Software Engineering/STM32Cube/IDE/STM32CubeIDE_1.19.0/STM32CubeIDE/plugins/com.st.stm32cube.ide.mcu.externaltools.gnu-tools-for-stm32.13.3.rel1.win32_1.0.0.202411081344/tools/bin/../lib/gcc/arm-none-eabi/13.3.1/../../../../arm-none-eabi/lib/thumb/v7e-m+fp/hard\libc_nano.a(libc_a-nano-vfprintf_i.o)
 .rodata.__assert_func.str1.1
                0x0800e63d       0x3d D:/Software Engineering/STM32Cube/IDE/STM32CubeIDE_1.19.0/STM32CubeIDE/plugins/com.st.stm32cube.ide.mcu.externaltools.gnu-tools-for-stm32.13.3.rel1.win32_1.0.0.202411081344/tools/bin/../lib/gcc/arm-none-eabi/13.3.1/../../../../arm-none-eabi/lib/thumb/v7e-m+fp/hard\libc_nano.a(libc_a-assert.o)
 .rodata._dtoa_r.str1.1
                0x0800e63d       0x8f D:/Software Engineering/STM32Cube/IDE/STM32CubeIDE_1.19.0/STM32CubeIDE/plugins/com.st.stm32cube.ide.mcu.externaltools.gnu-tools-for-stm32.13.3.rel1.win32_1.0.0.202411081344/tools/bin/../lib/gcc/arm-none-eabi/13.3.1/../../../../arm-none-eabi/lib/thumb/v7e-m+fp/hard\libc_nano.a(libc_a-dtoa.o)
 .rodata._Balloc.str1.1
                0x0800e63d       0x70 D:/Software Engineering/STM32Cube/IDE/STM32CubeIDE_1.19.0/STM32CubeIDE/plugins/com.st.stm32cube.ide.mcu.externaltools.gnu-tools-for-stm32.13.3.rel1.win32_1.0.0.202411081344/tools/bin/../lib/gcc/arm-none-eabi/13.3.1/../../../../arm-none-eabi/lib/thumb/v7e-m+fp/hard\libc_nano.a(libc_a-mprec.o)
 .rodata.__multadd.str1.1
                0x0800e63d       0x11 D:/Software Engineering/STM32Cube/IDE/STM32CubeIDE_1.19.0/STM32CubeIDE/plugins/com.st.stm32cube.ide.mcu.externaltools.gnu-tools-for-stm32.13.3.rel1.win32_1.0.0.202411081344/tools/bin/../lib/gcc/arm-none-eabi/13.3.1/../../../../arm-none-eabi/lib/thumb/v7e-m+fp/hard\libc_nano.a(libc_a-mprec.o)
 *fill*         0x0800e63d        0x3 
 .rodata.p05.0  0x0800e640        0xc D:/Software Engineering/STM32Cube/IDE/STM32CubeIDE_1.19.0/STM32CubeIDE/plugins/com.st.stm32cube.ide.mcu.externaltools.gnu-tools-for-stm32.13.3.rel1.win32_1.0.0.202411081344/tools/bin/../lib/gcc/arm-none-eabi/13.3.1/../../../../arm-none-eabi/lib/thumb/v7e-m+fp/hard\libc_nano.a(libc_a-mprec.o)
 *fill*         0x0800e64c        0x4 
 .rodata.__mprec_bigtens
                0x0800e650       0x28 D:/Software Engineering/STM32Cube/IDE/STM32CubeIDE_1.19.0/STM32CubeIDE/plugins/com.st.stm32cube.ide.mcu.externaltools.gnu-tools-for-stm32.13.3.rel1.win32_1.0.0.202411081344/tools/bin/../lib/gcc/arm-none-eabi/13.3.1/../../../../arm-none-eabi/lib/thumb/v7e-m+fp/hard\libc_nano.a(libc_a-mprec.o)
                0x0800e650                __mprec_bigtens
 .rodata.__mprec_tens
                0x0800e678       0xc8 D:/Software Engineering/STM32Cube/IDE/STM32CubeIDE_1.19.0/STM32CubeIDE/plugins/com.st.stm32cube.ide.mcu.externaltools.gnu-tools-for-stm32.13.3.rel1.win32_1.0.0.202411081344/tools/bin/../lib/gcc/arm-none-eabi/13.3.1/../../../../arm-none-eabi/lib/thumb/v7e-m+fp/hard\libc_nano.a(libc_a-mprec.o)
                0x0800e678                __mprec_tens
 .rodata._svfprintf_r.str1.1
                0x0800e740       0x11 D:/Software Engineering/STM32Cube/IDE/STM32CubeIDE_1.19.0/STM32CubeIDE/plugins/com.st.stm32cube.ide.mcu.externaltools.gnu-tools-for-stm32.13.3.rel1.win32_1.0.0.202411081344/tools/bin/../lib/gcc/arm-none-eabi/13.3.1/../../../../arm-none-eabi/lib/thumb/v7e-m+fp/hard\libc_nano.a(libc_a-nano-svfprintf.o)
 .rodata._setlocale_r.str1.1
                0x0800e740        0x9 D:/Software Engineering/STM32Cube/IDE/STM32CubeIDE_1.19.0/STM32CubeIDE/plugins/com.st.stm32cube.ide.mcu.externaltools.gnu-tools-for-stm32.13.3.rel1.win32_1.0.0.202411081344/tools/bin/../lib/gcc/arm-none-eabi/13.3.1/../../../../arm-none-eabi/lib/thumb/v7e-m+fp/hard\libc_nano.a(libc_a-locale.o)
 .rodata.str1.1
                0x0800e740        0x2 D:/Software Engineering/STM32Cube/IDE/STM32CubeIDE_1.19.0/STM32CubeIDE/plugins/com.st.stm32cube.ide.mcu.externaltools.gnu-tools-for-stm32.13.3.rel1.win32_1.0.0.202411081344/tools/bin/../lib/gcc/arm-none-eabi/13.3.1/../../../../arm-none-eabi/lib/thumb/v7e-m+fp/hard\libc_nano.a(libc_a-locale.o)
 .rodata._ctype_
                0x0800e740      0x101 D:/Software Engineering/STM32Cube/IDE/STM32CubeIDE_1.19.0/STM32CubeIDE/plugins/com.st.stm32cube.ide.mcu.externaltools.gnu-tools-for-stm32.13.3.rel1.win32_1.0.0.202411081344/tools/bin/../lib/gcc/arm-none-eabi/13.3.1/../../../../arm-none-eabi/lib/thumb/v7e-m+fp/hard\libc_nano.a(libc_a-ctype_.o)
                0x0800e740                _ctype_
 .rodata._vfprintf_r.str1.1
                0x0800e841       0x11 D:/Software Engineering/STM32Cube/IDE/STM32CubeIDE_1.19.0/STM32CubeIDE/plugins/com.st.stm32cube.ide.mcu.externaltools.gnu-tools-for-stm32.13.3.rel1.win32_1.0.0.202411081344/tools/bin/../lib/gcc/arm-none-eabi/13.3.1/../../../../arm-none-eabi/lib/thumb/v7e-m+fp/hard\libc_nano.a(libc_a-nano-vfprintf.o)
                0x0800e854                        . = ALIGN (0x4)
 *fill*         0x0800e841        0x3 

.ARM.extab      0x0800e844        0x0
                0x0800e844                        . = ALIGN (0x4)
 *(.ARM.extab* .gnu.linkonce.armextab.*)
                0x0800e844                        . = ALIGN (0x4)

.ARM            0x0800e844        0x8
                0x0800e844                        . = ALIGN (0x4)
                0x0800e844                        __exidx_start = .
 *(.ARM.exidx*)
 .ARM.exidx     0x0800e844        0x8 D:/Software Engineering/STM32Cube/IDE/STM32CubeIDE_1.19.0/STM32CubeIDE/plugins/com.st.stm32cube.ide.mcu.externaltools.gnu-tools-for-stm32.13.3.rel1.win32_1.0.0.202411081344/tools/bin/../lib/gcc/arm-none-eabi/13.3.1/../../../../arm-none-eabi/lib/thumb/v7e-m+fp/hard\libc_nano.a(libc_a-memchr.o)
 .ARM.exidx     0x0800e84c        0x0 D:/Software Engineering/STM32Cube/IDE/STM32CubeIDE_1.19.0/STM32CubeIDE/plugins/com.st.stm32cube.ide.mcu.externaltools.gnu-tools-for-stm32.13.3.rel1.win32_1.0.0.202411081344/tools/bin/../lib/gcc/arm-none-eabi/13.3.1/../../../../arm-none-eabi/lib/thumb/v7e-m+fp/hard\libc_nano.a(libc_a-strlen.o)
                                  0x8 (size before relaxing)
 .ARM.exidx     0x0800e84c        0x0 D:/Software Engineering/STM32Cube/IDE/STM32CubeIDE_1.19.0/STM32CubeIDE/plugins/com.st.stm32cube.ide.mcu.externaltools.gnu-tools-for-stm32.13.3.rel1.win32_1.0.0.202411081344/tools/bin/../lib/gcc/arm-none-eabi/13.3.1/thumb/v7e-m+fp/hard\libgcc.a(_udivmoddi4.o)
                                  0x8 (size before relaxing)
                0x0800e84c                        __exidx_end = .
                0x0800e84c                        . = ALIGN (0x4)

.preinit_array  0x0800e84c        0x0
                0x0800e84c                        . = ALIGN (0x4)
                0x0800e84c                        PROVIDE (__preinit_array_start = .)
 *(.preinit_array*)
                0x0800e84c                        PROVIDE (__preinit_array_end = .)
                0x0800e84c                        . = ALIGN (0x4)

.init_array     0x0800e84c        0x4
                0x0800e84c                        . = ALIGN (0x4)
                0x0800e84c                        PROVIDE (__init_array_start = .)
 *(SORT_BY_NAME(.init_array.*))
 *(.init_array*)
 .init_array    0x0800e84c        0x4 D:/Software Engineering/STM32Cube/IDE/STM32CubeIDE_1.19.0/STM32CubeIDE/plugins/com.st.stm32cube.ide.mcu.externaltools.gnu-tools-for-stm32.13.3.rel1.win32_1.0.0.202411081344/tools/bin/../lib/gcc/arm-none-eabi/13.3.1/thumb/v7e-m+fp/hard/crtbegin.o
                0x0800e850                        PROVIDE (__init_array_end = .)
                0x0800e850                        . = ALIGN (0x4)

.fini_array     0x0800e850        0x4
                0x0800e850                        . = ALIGN (0x4)
                [!provide]                        PROVIDE (__fini_array_start = .)
 *(SORT_BY_NAME(.fini_array.*))
 *(.fini_array*)
 .fini_array    0x0800e850        0x4 D:/Software Engineering/STM32Cube/IDE/STM32CubeIDE_1.19.0/STM32CubeIDE/plugins/com.st.stm32cube.ide.mcu.externaltools.gnu-tools-for-stm32.13.3.rel1.win32_1.0.0.202411081344/tools/bin/../lib/gcc/arm-none-eabi/13.3.1/thumb/v7e-m+fp/hard/crtbegin.o
                [!provide]                        PROVIDE (__fini_array_end = .)